[notice ] VideoPlaybackService: catalog built: 26 playable-candidate entries from /Users/joseconchello/openFrameworks/apps/myApps/EcopunkVideoCollage/assets/shared/media
2026-10-05 21:05:51.313 experience_runtime[30177:518359] video file loaded at 960 x 540 @ 24.000000 fps
[notice ] ShaderLibrary: loaded: desaturate
[notice ] ShaderLibrary: loaded: invert
[notice ] ShaderLibrary: loaded: recolor
[notice ] ShaderLibrary: loaded: threshold
[notice ] ShaderLibrary: loaded: dither
[notice ] ShaderLibrary: loaded: solarize
[notice ] ShaderLibrary: loaded: scanlines
[notice ] ShaderLibrary: loaded: channelshift
[notice ] ShaderLibrary: loaded: hue_rotate
[notice ] ShaderLibrary: loaded: ascii_solarpunk
[notice ] ShaderLibrary: loaded: heatmap_recolor
[notice ] ShaderLibrary: loaded: bioluminescence
[notice ] ShaderLibrary: loaded: chromatic_aberration
[notice ] ShaderLibrary: loaded: edge_glow
[notice ] ShaderLibrary: loaded: ink_outlines
[notice ] ShaderLibrary: loaded: pixel_drift
[notice ] ShaderLibrary: loaded: pixel_sorting
[notice ] ShaderLibrary: loaded: water_refraction
[notice ] TwoSceneAcceptance: RT-002 Blob <-> Temporal 20-cycle production switching acceptance (EXPERIENCE_RUNTIME_TWO_SCENE_ACCEPTANCE)
[notice ] TwoSceneAcceptance: PASS — [frame 0] §1 registry = [blob-region-prototype, temporal-fields] (order fixed): registry=blob-region-prototype,temporal-fields
[notice ] TwoSceneAcceptance: PASS — [frame 0] §1 FakeScene not in production registry: fake=fake-scene
[notice ] TwoSceneAcceptance: REGISTRY [0] id=blob-region-prototype displayName="Blob Region Prototype" native=1280x720
[notice ] TwoSceneAcceptance: REGISTRY [1] id=temporal-fields displayName="Temporal Fields" native=1280x720
[notice ] TwoSceneAcceptance: PASS — [frame 0] §1 startup scene = Blob, Idle: active=blob-region-prototype
[notice ] TwoSceneAcceptance: STARTUP capabilities (Blob): Next Previous 
[notice ] TwoSceneAcceptance: PASS — [frame 0] §1 startup: Blob setup=1 activate=1 capabilityQueries=1; Temporal not yet set up
[notice ] VideoRegionEffectRenderer: scratch FBOs (re)allocated to 28x84
[notice ] VideoRegionEffectRenderer: scratch FBOs (re)allocated to 932x456
[notice ] TwoSceneAcceptance: BASELINE gl={scissor=0 stencil=0 program=0 tex2D=0 fbo=0 | blend=1/770/771 viewport=0,0,1280x720 mv=1.00,0.00,-0.00,0.00,-0.00,1.00,-0.00,0.00,0.00,0.00,1.00,0.00,-640.00,-360.00,-623.54,1.00, style=1/1/1/1,1,1,1} hudGeometry=54v [25.6,115.2]-[793.6,619.2]
[notice ] TwoSceneAcceptance: PASS — [frame 60] warmup: 60 live Blob frames, effects missing, GL fixed baseline
[notice ] TwoSceneAcceptance: PASS — [frame 60] [cycle1_blob_to_temporal] outgoing owner is blob-region-prototype
[notice ] SceneManager: NextScene accepted: "blob-region-prototype" -> "temporal-fields"
[notice ] TwoSceneAcceptance: PASS — [frame 60] [cycle1_blob_to_temporal] NextScene accepted via InputRouter: FadingOut, pending=temporal-fields, active=blob-region-prototype, outgoing deactivated once, outgoing capabilities withdrawn
[notice ] TwoSceneAcceptance: PASS — [frame 61] [cycle1_blob_to_temporal] FadingOut 1/12: retained static outgoing frame unchanged; outgoing identity current; progress=0.08
[notice ] TwoSceneAcceptance: captured captures/rt002_cycle1_blob_to_temporal_1_fadingout.png (1280x720 window)
[notice ] SceneManager: NextScene rejected (transition in progress)
[notice ] SceneManager: PreviousScene rejected (transition in progress)
[notice ] TwoSceneAcceptance: PASS — [frame 62] [cycle1_blob_to_temporal] §3 switch commands during FadingOut rejected; no queued second switch
[notice ] TwoSceneAcceptance: PASS — [frame 72] [cycle1_blob_to_temporal] FadingOut 12/12: retained static outgoing frame unchanged; outgoing identity current; progress=1.00
2026-10-05 21:05:53.403 experience_runtime[30177:518651] video file loaded at 960 x 540 @ 24.000000 fps
[notice ] TimeOffsetVideoBuffer: loadExplicit: loaded /Users/joseconchello/openFrameworks/apps/myApps/EcopunkVideoCollage/assets/shared/media/2025-06-23T18-36-52_orbit_left_make_the.mp4
[notice ] ShaderLibrary: loaded: desaturate
[notice ] ShaderLibrary: loaded: invert
[notice ] ShaderLibrary: loaded: recolor
[notice ] ShaderLibrary: loaded: threshold
[notice ] ShaderLibrary: loaded: dither
[notice ] ShaderLibrary: loaded: solarize
[notice ] ShaderLibrary: loaded: scanlines
[notice ] ShaderLibrary: loaded: channelshift
[notice ] ShaderLibrary: loaded: hue_rotate
[notice ] ShaderLibrary: loaded: ascii_solarpunk
[notice ] ShaderLibrary: loaded: heatmap_recolor
[notice ] ShaderLibrary: loaded: bioluminescence
[notice ] ShaderLibrary: loaded: chromatic_aberration
[notice ] ShaderLibrary: loaded: edge_glow
[notice ] ShaderLibrary: loaded: ink_outlines
[notice ] ShaderLibrary: loaded: pixel_drift
[notice ] ShaderLibrary: loaded: pixel_sorting
[notice ] ShaderLibrary: loaded: water_refraction
[notice ] TFAmbientTextureLayer: loaded 19 background texture(s) from backgrounds
[notice ] EffectKnowledgeBase: skipped duplicate whitelist entry for ascii_solarpunk
[notice ] EffectKnowledgeBase: skipped duplicate whitelist entry for dither
[notice ] TFImageCycler: no images found in backgrounds
[notice ] TwoSceneAcceptance: PASS — [frame 73] [cycle1_blob_to_temporal] Loading: ownership released (no identity/semantics/effects/capabilities), pending=temporal-fields, static frame retained, incoming setup<=1 and not yet active: setup=1
[notice ] SceneManager: PreviousScene rejected (transition in progress)
[notice ] TwoSceneAcceptance: PASS — [frame 73] [cycle1_blob_to_temporal] §3 switch command during Loading rejected
[notice ] TwoSceneAcceptance: captured captures/rt002_cycle1_blob_to_temporal_2_loading.png (1280x720 window)
[notice ] TFComposition: pattern -> BSP seed=45012
[notice ] SceneManager: scene "temporal-fields" is now the active owner
[warning] ofGLRenderer: draw(): texture is not allocated
[warning] ofGLRenderer: draw(): texture is not allocated
[warning] ofGLRenderer: draw(): texture is not allocated
[notice ] TwoSceneAcceptance: PASS — [frame 74] [cycle1_blob_to_temporal] first incoming frame: owner=temporal-fields, status/HUD profile from incoming only
[notice ] TwoSceneAcceptance: PASS — [frame 74] [cycle1_blob_to_temporal] §4 incoming activated once; capabilities queried once; capabilityQueries == successfulActivations: activations=1 capabilityQueries=1
[notice ] TwoSceneAcceptance: PASS — [frame 74] [cycle1_blob_to_temporal] §2 first incoming frame: one update, one status pull, one draw; setup total=1
[notice ] TwoSceneAcceptance: PASS — [frame 74] [cycle1_blob_to_temporal] §4 capabilities = incoming scene's own (not merged); unsupported not advertised: commands=2
[notice ] TwoSceneAcceptance: PASS — [frame 74] [cycle1_blob_to_temporal] §6 effects: Blob missing -> Temporal present
[notice ] TwoSceneAcceptance: PASS — [frame 74] [cycle1_blob_to_temporal] §7/§12 Temporal history follows current canonical media on activation: adapter=media.auto.e20beffd canonical=media.auto.e20beffd
[notice ] TwoSceneAcceptance: PASS — [frame 74] [cycle1_blob_to_temporal] §10 incoming live frame replaced the static outgoing frame at FadingIn (no stale outgoing image)
[notice ] TwoSceneAcceptance: PASS — [frame 74] [cycle1_blob_to_temporal] same-size switch: no scene FBO reallocation
[notice ] TwoSceneAcceptance: captured captures/rt002_cycle1_blob_to_temporal_3_first_incoming.png (1280x720 window)
[notice ] SceneManager: NextScene rejected (transition in progress)
[notice ] TwoSceneAcceptance: PASS — [frame 75] [cycle1_blob_to_temporal] §3 switch command during FadingIn rejected
[notice ] TwoSceneAcceptance: PASS — [frame 86] [cycle1_blob_to_temporal] transition Idle -> FadingOut -> Loading -> FadingIn -> Idle (fadeOut=12 loading=1 fadeIn=12)
[notice ] TwoSceneAcceptance: PASS — [frame 87] [cycle1_blob_to_temporal] §9 semantic payload is temporal-fields's only (state + metrics), absent values not zero-filled; HUD profile = temporal-fields: state=scene.temporal.state.running metrics=scene.temporal.metric.pattern,scene.temporal.metric.history_fill,scene.temporal.metric.playhead_count
[notice ] TwoSceneAcceptance: MEDIA intentional NextMedia during Temporal dwell (key -> InputRouter -> SceneCommand -> active scene -> VideoPlaybackService) at frame 116: from=media.auto.e20beffd file=/Users/joseconchello/openFrameworks/apps/myApps/EcopunkVideoCollage/assets/shared/media/2025-06-23T18-36-52_orbit_left_make_the.mp4 history=38
2026-10-05 21:06:00.920 experience_runtime[30177:518337] video file loaded at 960 x 540 @ 29.970030 fps
[notice ] ExperienceRuntime: SceneCommand dispatched, accepted=1
2026-10-05 21:06:00.951 experience_runtime[30177:518337] video file loaded at 960 x 540 @ 29.970030 fps
[notice ] TimeOffsetVideoBuffer: loadExplicit: loaded /Users/joseconchello/openFrameworks/apps/myApps/EcopunkVideoCollage/assets/shared/media/vecteezy_aerial-view-of-white-sand-beach-and-water-surface-texture_7536781.mp4
[notice ] TwoSceneAcceptance: MEDIA canonical selection changed at frame 117 (active=temporal-fields): media.auto.e20beffd -> media.auto.4a618eef
[notice ] TwoSceneAcceptance: captured captures/rt002_cycle1_blob_to_temporal_4_steady.png (1280x720 window)
[notice ] TwoSceneAcceptance: PASS — [frame 146] [cycle1_blob_to_temporal] §2 no inactive updates/draws/status pulls for blob-region-prototype across transition + dwell
[notice ] TwoSceneAcceptance: PASS — [frame 146] [cycle1_blob_to_temporal] §5 incoming: status pulls == updates == draws == live frames; >= 60 active frames: activeFrames=73
[notice ] TwoSceneAcceptance: PASS — [frame 146] §7 mandatory live media change while Temporal active: selection -> adapter follow -> history clear -> refill from new media: from=media.auto.e20beffd to=media.auto.4a618eef issued@116 selection@117 adapter@117 historyClear@117 refilled(>=10)@133 file /Users/joseconchello/openFrameworks/apps/myApps/EcopunkVideoCollage/assets/shared/media/2025-06-23T18-36-52_orbit_left_make_the.mp4 -> /Users/joseconchello/openFrameworks/apps/myApps/EcopunkVideoCollage/assets/shared/media/vecteezy_aerial-view-of-white-sand-beach-and-water-surface-texture_7536781.mp4
[notice ] TwoSceneAcceptance: PASS — [frame 146] [cycle1_temporal_to_blob] outgoing owner is temporal-fields
[notice ] SceneManager: PreviousScene accepted: "temporal-fields" -> "blob-region-prototype"
[notice ] TwoSceneAcceptance: PASS — [frame 146] [cycle1_temporal_to_blob] PreviousScene accepted via InputRouter: FadingOut, pending=blob-region-prototype, active=temporal-fields, outgoing deactivated once, outgoing capabilities withdrawn
[notice ] TwoSceneAcceptance: PASS — [frame 147] [cycle1_temporal_to_blob] FadingOut 1/12: retained static outgoing frame unchanged; outgoing identity current; progress=0.08
[notice ] TwoSceneAcceptance: captured captures/rt002_cycle1_temporal_to_blob_1_fadingout.png (1280x720 window)
[notice ] SceneManager: NextScene rejected (transition in progress)
[notice ] SceneManager: PreviousScene rejected (transition in progress)
[notice ] TwoSceneAcceptance: PASS — [frame 148] [cycle1_temporal_to_blob] §3 switch commands during FadingOut rejected; no queued second switch
[notice ] TwoSceneAcceptance: PASS — [frame 158] [cycle1_temporal_to_blob] FadingOut 12/12: retained static outgoing frame unchanged; outgoing identity current; progress=1.00
[notice ] TwoSceneAcceptance: PASS — [frame 159] [cycle1_temporal_to_blob] Loading: ownership released (no identity/semantics/effects/capabilities), pending=blob-region-prototype, static frame retained, incoming setup<=1 and not yet active: setup=1
[notice ] SceneManager: NextScene rejected (transition in progress)
[notice ] TwoSceneAcceptance: PASS — [frame 159] [cycle1_temporal_to_blob] §3 switch command during Loading rejected
[notice ] TwoSceneAcceptance: captured captures/rt002_cycle1_temporal_to_blob_2_loading.png (1280x720 window)
[notice ] SceneManager: scene "blob-region-prototype" is now the active owner
[notice ] TwoSceneAcceptance: PASS — [frame 160] [cycle1_temporal_to_blob] first incoming frame: owner=blob-region-prototype, status/HUD profile from incoming only
[notice ] TwoSceneAcceptance: PASS — [frame 160] [cycle1_temporal_to_blob] §4 incoming activated once; capabilities queried once; capabilityQueries == successfulActivations: activations=2 capabilityQueries=2
[notice ] TwoSceneAcceptance: PASS — [frame 160] [cycle1_temporal_to_blob] §2 first incoming frame: one update, one status pull, one draw; setup total=1
[notice ] TwoSceneAcceptance: PASS — [frame 160] [cycle1_temporal_to_blob] §4 capabilities = incoming scene's own (not merged); unsupported not advertised: commands=2
[notice ] TwoSceneAcceptance: PASS — [frame 160] [cycle1_temporal_to_blob] §6 effects: Temporal present -> Blob missing (no stale Temporal effects)
[notice ] TwoSceneAcceptance: FAIL — [frame 160] [cycle1_temporal_to_blob] §12 Blob scratch FBOs valid after Temporal: fragment=932x456
[notice ] TwoSceneAcceptance: PASS — [frame 160] [cycle1_temporal_to_blob] §10 incoming live frame replaced the static outgoing frame at FadingIn (no stale outgoing image)
[notice ] TwoSceneAcceptance: PASS — [frame 160] [cycle1_temporal_to_blob] same-size switch: no scene FBO reallocation
[notice ] TwoSceneAcceptance: captured captures/rt002_cycle1_temporal_to_blob_3_first_incoming.png (1280x720 window)
[notice ] SceneManager: PreviousScene rejected (transition in progress)
[notice ] TwoSceneAcceptance: PASS — [frame 161] [cycle1_temporal_to_blob] §3 switch command during FadingIn rejected
[notice ] TwoSceneAcceptance: PASS — [frame 172] [cycle1_temporal_to_blob] transition Idle -> FadingOut -> Loading -> FadingIn -> Idle (fadeOut=12 loading=1 fadeIn=12)
[notice ] TwoSceneAcceptance: FAIL — [frame 173] [cycle1_temporal_to_blob] §9 semantic payload is blob-region-prototype's only (state + metrics), absent values not zero-filled; HUD profile = blob-region-prototype: state=scene.blob.state.fragmenting metrics=scene.blob.metric.region_count,scene.blob.metric.fragment_count,scene.blob.metric.occupied_area
[notice ] TwoSceneAcceptance: captured captures/rt002_cycle1_temporal_to_blob_4_steady.png (1280x720 window)
[notice ] TwoSceneAcceptance: PASS — [frame 232] [cycle1_temporal_to_blob] §2 no inactive updates/draws/status pulls for temporal-fields across transition + dwell
[notice ] TwoSceneAcceptance: PASS — [frame 232] [cycle1_temporal_to_blob] §5 incoming: status pulls == updates == draws == live frames; >= 60 active frames: activeFrames=73
[notice ] TwoSceneAcceptance: RESOURCE cycle=1 frame=232 residentMB=393 netAllocs=2487 fboAllocs=1 fboSwitchReallocs=0 blobFragScratch=932x456 blobBgScratch=0x0 temporalHistory=23/72 playheads=6 adapterReloads=2 temporalHasMedia=1 textureWarnings=3
[notice ] SceneManager: NextScene accepted: "blob-region-prototype" -> "temporal-fields"
[notice ] SceneManager: NextScene rejected (transition in progress)
[notice ] SceneManager: PreviousScene rejected (transition in progress)
[notice ] SceneManager: PreviousScene rejected (transition in progress)
2026-10-05 21:06:08.200 experience_runtime[30177:519157] video file loaded at 960 x 540 @ 29.970030 fps
[notice ] TimeOffsetVideoBuffer: loadExplicit: loaded /Users/joseconchello/openFrameworks/apps/myApps/EcopunkVideoCollage/assets/shared/media/vecteezy_aerial-view-of-white-sand-beach-and-water-surface-texture_7536781.mp4
[notice ] TFComposition: pattern -> BSP seed=71280
[notice ] SceneManager: scene "temporal-fields" is now the active owner
[notice ] SceneManager: NextScene rejected (transition in progress)
[notice ] TwoSceneAcceptance: PASS — [frame 258] [cycle2_blob_to_temporal] transition Idle -> FadingOut -> Loading -> FadingIn -> Idle (fadeOut=12 loading=1 fadeIn=12)
[notice ] SceneManager: PreviousScene accepted: "temporal-fields" -> "blob-region-prototype"
[notice ] SceneManager: NextScene rejected (transition in progress)
[notice ] SceneManager: PreviousScene rejected (transition in progress)
[notice ] SceneManager: NextScene rejected (transition in progress)
[notice ] SceneManager: scene "blob-region-prototype" is now the active owner
[notice ] TwoSceneAcceptance: FAIL — [frame 332] [cycle2_temporal_to_blob] §12 Blob scratch FBOs valid after Temporal: fragment=932x456
[notice ] SceneManager: PreviousScene rejected (transition in progress)
[notice ] TwoSceneAcceptance: PASS — [frame 344] [cycle2_temporal_to_blob] transition Idle -> FadingOut -> Loading -> FadingIn -> Idle (fadeOut=12 loading=1 fadeIn=12)
[notice ] TwoSceneAcceptance: FAIL — [frame 345] [cycle2_temporal_to_blob] §9 semantic payload is blob-region-prototype's only (state + metrics), absent values not zero-filled; HUD profile = blob-region-prototype: state=scene.blob.state.analyzing metrics=scene.blob.metric.region_count,scene.blob.metric.fragment_count,scene.blob.metric.occupied_area
2026-10-05 21:06:09.357 experience_runtime[30177:519157] video file loaded at 960 x 540 @ 29.970030 fps
[notice ] ExperienceRuntime: SceneCommand dispatched, accepted=1
[notice ] TwoSceneAcceptance: MEDIA intentional NextMedia during Blob dwell at frame 374 from=media.auto.4a618eef
[notice ] TwoSceneAcceptance: MEDIA canonical selection changed at frame 375 (active=blob-region-prototype): media.auto.4a618eef -> media.auto.014b1a8c
[notice ] TwoSceneAcceptance: PASS — [frame 376] §7 canonical media change during Blob dwell (HudFrameData.video follows the canonical service): media.auto.4a618eef -> media.auto.014b1a8c
[notice ] TwoSceneAcceptance: RESOURCE cycle=2 frame=404 residentMB=411 netAllocs=2544 fboAllocs=1 fboSwitchReallocs=0 blobFragScratch=932x456 blobBgScratch=0x0 temporalHistory=65/72 playheads=6 adapterReloads=3 temporalHasMedia=1 textureWarnings=3
[notice ] SceneManager: NextScene accepted: "blob-region-prototype" -> "temporal-fields"
[notice ] SceneManager: NextScene rejected (transition in progress)
[notice ] SceneManager: PreviousScene rejected (transition in progress)
[notice ] SceneManager: PreviousScene rejected (transition in progress)
2026-10-05 21:06:09.745 experience_runtime[30177:518639] video file loaded at 960 x 540 @ 29.970030 fps
[notice ] TimeOffsetVideoBuffer: loadExplicit: loaded /Users/joseconchello/openFrameworks/apps/myApps/EcopunkVideoCollage/assets/shared/media/Timelapse of Hurricane Milton  NOAA Satellite Images with Gulf water hydro.mp4
[notice ] TFComposition: pattern -> BSP seed=247002
[notice ] SceneManager: scene "temporal-fields" is now the active owner
[notice ] TwoSceneAcceptance: PASS — [frame 418] §7 media changed during Blob dwell is followed by the next Temporal activation: changedDuringBlob=media.auto.014b1a8c canonicalNow=media.auto.014b1a8c adapter=media.auto.014b1a8c
[notice ] SceneManager: NextScene rejected (transition in progress)
[notice ] TwoSceneAcceptance: PASS — [frame 430] [cycle3_blob_to_temporal] transition Idle -> FadingOut -> Loading -> FadingIn -> Idle (fadeOut=12 loading=1 fadeIn=12)
[notice ] SceneManager: PreviousScene accepted: "temporal-fields" -> "blob-region-prototype"
[notice ] SceneManager: NextScene rejected (transition in progress)
[notice ] SceneManager: PreviousScene rejected (transition in progress)
[notice ] SceneManager: NextScene rejected (transition in progress)
[notice ] SceneManager: scene "blob-region-prototype" is now the active owner
[notice ] TwoSceneAcceptance: FAIL — [frame 504] [cycle3_temporal_to_blob] §12 Blob scratch FBOs valid after Temporal: fragment=932x456
[notice ] SceneManager: PreviousScene rejected (transition in progress)
[notice ] TwoSceneAcceptance: PASS — [frame 516] [cycle3_temporal_to_blob] transition Idle -> FadingOut -> Loading -> FadingIn -> Idle (fadeOut=12 loading=1 fadeIn=12)
[notice ] TwoSceneAcceptance: FAIL — [frame 517] [cycle3_temporal_to_blob] §9 semantic payload is blob-region-prototype's only (state + metrics), absent values not zero-filled; HUD profile = blob-region-prototype: state=scene.blob.state.analyzing metrics=scene.blob.metric.region_count,scene.blob.metric.fragment_count,scene.blob.metric.occupied_area
[notice ] TwoSceneAcceptance: RESOURCE cycle=3 frame=576 residentMB=410 netAllocs=2548 fboAllocs=1 fboSwitchReallocs=0 blobFragScratch=932x456 blobBgScratch=0x0 temporalHistory=65/72 playheads=6 adapterReloads=4 temporalHasMedia=1 textureWarnings=3
[notice ] SceneManager: NextScene accepted: "blob-region-prototype" -> "temporal-fields"
[notice ] SceneManager: NextScene rejected (transition in progress)
[notice ] SceneManager: PreviousScene rejected (transition in progress)
[notice ] SceneManager: PreviousScene rejected (transition in progress)
2026-10-05 21:06:11.261 experience_runtime[30177:519155] video file loaded at 960 x 540 @ 29.970030 fps
[notice ] TimeOffsetVideoBuffer: loadExplicit: loaded /Users/joseconchello/openFrameworks/apps/myApps/EcopunkVideoCollage/assets/shared/media/Timelapse of Hurricane Milton  NOAA Satellite Images with Gulf water hydro.mp4
[notice ] TFComposition: pattern -> BSP seed=377397
[notice ] SceneManager: scene "temporal-fields" is now the active owner
[notice ] SceneManager: NextScene rejected (transition in progress)
[notice ] TwoSceneAcceptance: PASS — [frame 602] [cycle4_blob_to_temporal] transition Idle -> FadingOut -> Loading -> FadingIn -> Idle (fadeOut=12 loading=1 fadeIn=12)
[notice ] SceneManager: PreviousScene accepted: "temporal-fields" -> "blob-region-prototype"
[notice ] SceneManager: NextScene rejected (transition in progress)
[notice ] SceneManager: PreviousScene rejected (transition in progress)
[notice ] SceneManager: NextScene rejected (transition in progress)
[notice ] SceneManager: scene "blob-region-prototype" is now the active owner
[notice ] TwoSceneAcceptance: FAIL — [frame 676] [cycle4_temporal_to_blob] §12 Blob scratch FBOs valid after Temporal: fragment=932x456
[notice ] SceneManager: PreviousScene rejected (transition in progress)
[notice ] TwoSceneAcceptance: PASS — [frame 688] [cycle4_temporal_to_blob] transition Idle -> FadingOut -> Loading -> FadingIn -> Idle (fadeOut=12 loading=1 fadeIn=12)
[notice ] TwoSceneAcceptance: FAIL — [frame 689] [cycle4_temporal_to_blob] §9 semantic payload is blob-region-prototype's only (state + metrics), absent values not zero-filled; HUD profile = blob-region-prototype: state=scene.blob.state.analyzing metrics=scene.blob.metric.region_count,scene.blob.metric.fragment_count,scene.blob.metric.occupied_area
[notice ] TwoSceneAcceptance: RESOURCE cycle=4 frame=748 residentMB=412 netAllocs=2550 fboAllocs=1 fboSwitchReallocs=0 blobFragScratch=932x456 blobBgScratch=0x0 temporalHistory=65/72 playheads=6 adapterReloads=5 temporalHasMedia=1 textureWarnings=3
[notice ] SceneManager: NextScene accepted: "blob-region-prototype" -> "temporal-fields"
[notice ] SceneManager: NextScene rejected (transition in progress)
[notice ] SceneManager: PreviousScene rejected (transition in progress)
[notice ] SceneManager: PreviousScene rejected (transition in progress)
2026-10-05 21:06:16.294 experience_runtime[30177:518652] video file loaded at 960 x 540 @ 29.970030 fps
[notice ] TimeOffsetVideoBuffer: loadExplicit: loaded /Users/joseconchello/openFrameworks/apps/myApps/EcopunkVideoCollage/assets/shared/media/Timelapse of Hurricane Milton  NOAA Satellite Images with Gulf water hydro.mp4
[notice ] TFComposition: pattern -> BSP seed=942956
[notice ] SceneManager: scene "temporal-fields" is now the active owner
[notice ] SceneManager: NextScene rejected (transition in progress)
[notice ] TwoSceneAcceptance: PASS — [frame 774] [cycle5_blob_to_temporal] transition Idle -> FadingOut -> Loading -> FadingIn -> Idle (fadeOut=12 loading=1 fadeIn=12)
[notice ] SceneManager: PreviousScene accepted: "temporal-fields" -> "blob-region-prototype"
[notice ] SceneManager: NextScene rejected (transition in progress)
[notice ] SceneManager: PreviousScene rejected (transition in progress)
[notice ] SceneManager: NextScene rejected (transition in progress)
[notice ] SceneManager: scene "blob-region-prototype" is now the active owner
[notice ] TwoSceneAcceptance: FAIL — [frame 848] [cycle5_temporal_to_blob] §12 Blob scratch FBOs valid after Temporal: fragment=932x456
[notice ] SceneManager: PreviousScene rejected (transition in progress)
[notice ] TwoSceneAcceptance: PASS — [frame 860] [cycle5_temporal_to_blob] transition Idle -> FadingOut -> Loading -> FadingIn -> Idle (fadeOut=12 loading=1 fadeIn=12)
[notice ] TwoSceneAcceptance: FAIL — [frame 861] [cycle5_temporal_to_blob] §9 semantic payload is blob-region-prototype's only (state + metrics), absent values not zero-filled; HUD profile = blob-region-prototype: state=scene.blob.state.analyzing metrics=scene.blob.metric.region_count,scene.blob.metric.fragment_count,scene.blob.metric.occupied_area
[notice ] TwoSceneAcceptance: RESOURCE cycle=5 frame=920 residentMB=416 netAllocs=2554 fboAllocs=1 fboSwitchReallocs=0 blobFragScratch=932x456 blobBgScratch=0x0 temporalHistory=69/72 playheads=6 adapterReloads=6 temporalHasMedia=1 textureWarnings=3
[notice ] SceneManager: NextScene accepted: "blob-region-prototype" -> "temporal-fields"
[notice ] SceneManager: NextScene rejected (transition in progress)
[notice ] SceneManager: PreviousScene rejected (transition in progress)
[notice ] SceneManager: PreviousScene rejected (transition in progress)
2026-10-05 21:06:22.093 experience_runtime[30177:518337] video file loaded at 960 x 540 @ 29.970030 fps
[notice ] TimeOffsetVideoBuffer: loadExplicit: loaded /Users/joseconchello/openFrameworks/apps/myApps/EcopunkVideoCollage/assets/shared/media/Timelapse of Hurricane Milton  NOAA Satellite Images with Gulf water hydro.mp4
[notice ] TFComposition: pattern -> BSP seed=878591
[notice ] SceneManager: scene "temporal-fields" is now the active owner
[notice ] SceneManager: NextScene rejected (transition in progress)
[notice ] TwoSceneAcceptance: PASS — [frame 946] [cycle6_blob_to_temporal] transition Idle -> FadingOut -> Loading -> FadingIn -> Idle (fadeOut=12 loading=1 fadeIn=12)
[notice ] SceneManager: PreviousScene accepted: "temporal-fields" -> "blob-region-prototype"
[notice ] SceneManager: NextScene rejected (transition in progress)
[notice ] SceneManager: PreviousScene rejected (transition in progress)
[notice ] SceneManager: NextScene rejected (transition in progress)
[notice ] SceneManager: scene "blob-region-prototype" is now the active owner
[notice ] TwoSceneAcceptance: FAIL — [frame 1020] [cycle6_temporal_to_blob] §12 Blob scratch FBOs valid after Temporal: fragment=932x456
[notice ] SceneManager: PreviousScene rejected (transition in progress)
[notice ] TwoSceneAcceptance: PASS — [frame 1032] [cycle6_temporal_to_blob] transition Idle -> FadingOut -> Loading -> FadingIn -> Idle (fadeOut=12 loading=1 fadeIn=12)
[notice ] TwoSceneAcceptance: FAIL — [frame 1033] [cycle6_temporal_to_blob] §9 semantic payload is blob-region-prototype's only (state + metrics), absent values not zero-filled; HUD profile = blob-region-prototype: state=scene.blob.state.analyzing metrics=scene.blob.metric.region_count,scene.blob.metric.fragment_count,scene.blob.metric.occupied_area
[notice ] TwoSceneAcceptance: RESOURCE cycle=6 frame=1092 residentMB=415 netAllocs=2578 fboAllocs=1 fboSwitchReallocs=0 blobFragScratch=932x456 blobBgScratch=0x0 temporalHistory=69/72 playheads=6 adapterReloads=7 temporalHasMedia=1 textureWarnings=3
[notice ] SceneManager: NextScene accepted: "blob-region-prototype" -> "temporal-fields"
[notice ] SceneManager: NextScene rejected (transition in progress)
[notice ] SceneManager: PreviousScene rejected (transition in progress)
[notice ] SceneManager: PreviousScene rejected (transition in progress)
2026-10-05 21:06:27.893 experience_runtime[30177:519184] video file loaded at 960 x 540 @ 29.970030 fps
[notice ] TimeOffsetVideoBuffer: loadExplicit: loaded /Users/joseconchello/openFrameworks/apps/myApps/EcopunkVideoCollage/assets/shared/media/Timelapse of Hurricane Milton  NOAA Satellite Images with Gulf water hydro.mp4
[notice ] TFComposition: pattern -> BSP seed=114116
[notice ] SceneManager: scene "temporal-fields" is now the active owner
[notice ] SceneManager: NextScene rejected (transition in progress)
[notice ] TwoSceneAcceptance: PASS — [frame 1118] [cycle7_blob_to_temporal] transition Idle -> FadingOut -> Loading -> FadingIn -> Idle (fadeOut=12 loading=1 fadeIn=12)
[notice ] SceneManager: PreviousScene accepted: "temporal-fields" -> "blob-region-prototype"
[notice ] SceneManager: NextScene rejected (transition in progress)
[notice ] SceneManager: PreviousScene rejected (transition in progress)
[notice ] SceneManager: NextScene rejected (transition in progress)
[notice ] SceneManager: scene "blob-region-prototype" is now the active owner
[notice ] TwoSceneAcceptance: FAIL — [frame 1192] [cycle7_temporal_to_blob] §12 Blob scratch FBOs valid after Temporal: fragment=932x456
[notice ] SceneManager: PreviousScene rejected (transition in progress)
[notice ] TwoSceneAcceptance: PASS — [frame 1204] [cycle7_temporal_to_blob] transition Idle -> FadingOut -> Loading -> FadingIn -> Idle (fadeOut=12 loading=1 fadeIn=12)
[notice ] TwoSceneAcceptance: FAIL — [frame 1205] [cycle7_temporal_to_blob] §9 semantic payload is blob-region-prototype's only (state + metrics), absent values not zero-filled; HUD profile = blob-region-prototype: state=scene.blob.state.analyzing metrics=scene.blob.metric.region_count,scene.blob.metric.fragment_count,scene.blob.metric.occupied_area
[notice ] TwoSceneAcceptance: RESOURCE cycle=7 frame=1264 residentMB=416 netAllocs=2555 fboAllocs=1 fboSwitchReallocs=0 blobFragScratch=932x456 blobBgScratch=0x0 temporalHistory=69/72 playheads=6 adapterReloads=8 temporalHasMedia=1 textureWarnings=3
[notice ] SceneManager: NextScene accepted: "blob-region-prototype" -> "temporal-fields"
[notice ] SceneManager: NextScene rejected (transition in progress)
[notice ] SceneManager: PreviousScene rejected (transition in progress)
[notice ] SceneManager: PreviousScene rejected (transition in progress)
2026-10-05 21:06:33.692 experience_runtime[30177:519184] video file loaded at 960 x 540 @ 29.970030 fps
[notice ] TimeOffsetVideoBuffer: loadExplicit: loaded /Users/joseconchello/openFrameworks/apps/myApps/EcopunkVideoCollage/assets/shared/media/Timelapse of Hurricane Milton  NOAA Satellite Images with Gulf water hydro.mp4
[notice ] TFComposition: pattern -> BSP seed=319552
[notice ] SceneManager: scene "temporal-fields" is now the active owner
[notice ] SceneManager: NextScene rejected (transition in progress)
[notice ] TwoSceneAcceptance: PASS — [frame 1290] [cycle8_blob_to_temporal] transition Idle -> FadingOut -> Loading -> FadingIn -> Idle (fadeOut=12 loading=1 fadeIn=12)
[notice ] SceneManager: PreviousScene accepted: "temporal-fields" -> "blob-region-prototype"
[notice ] SceneManager: NextScene rejected (transition in progress)
[notice ] SceneManager: PreviousScene rejected (transition in progress)
[notice ] SceneManager: NextScene rejected (transition in progress)
[notice ] SceneManager: scene "blob-region-prototype" is now the active owner
[notice ] TwoSceneAcceptance: FAIL — [frame 1364] [cycle8_temporal_to_blob] §12 Blob scratch FBOs valid after Temporal: fragment=932x456
[notice ] SceneManager: PreviousScene rejected (transition in progress)
[notice ] TwoSceneAcceptance: PASS — [frame 1376] [cycle8_temporal_to_blob] transition Idle -> FadingOut -> Loading -> FadingIn -> Idle (fadeOut=12 loading=1 fadeIn=12)
[notice ] TwoSceneAcceptance: FAIL — [frame 1377] [cycle8_temporal_to_blob] §9 semantic payload is blob-region-prototype's only (state + metrics), absent values not zero-filled; HUD profile = blob-region-prototype: state=scene.blob.state.analyzing metrics=scene.blob.metric.region_count,scene.blob.metric.fragment_count,scene.blob.metric.occupied_area
[notice ] TwoSceneAcceptance: RESOURCE cycle=8 frame=1436 residentMB=416 netAllocs=2568 fboAllocs=1 fboSwitchReallocs=0 blobFragScratch=932x456 blobBgScratch=0x0 temporalHistory=69/72 playheads=6 adapterReloads=9 temporalHasMedia=1 textureWarnings=3
[notice ] SceneManager: NextScene accepted: "blob-region-prototype" -> "temporal-fields"
[notice ] SceneManager: NextScene rejected (transition in progress)
[notice ] SceneManager: PreviousScene rejected (transition in progress)
[notice ] SceneManager: PreviousScene rejected (transition in progress)
2026-10-05 21:06:39.493 experience_runtime[30177:519184] video file loaded at 960 x 540 @ 29.970030 fps
[notice ] TimeOffsetVideoBuffer: loadExplicit: loaded /Users/joseconchello/openFrameworks/apps/myApps/EcopunkVideoCollage/assets/shared/media/Timelapse of Hurricane Milton  NOAA Satellite Images with Gulf water hydro.mp4
[notice ] TFComposition: pattern -> BSP seed=863316
[notice ] SceneManager: scene "temporal-fields" is now the active owner
[notice ] SceneManager: NextScene rejected (transition in progress)
2026-10-05 21:06:39.731 experience_runtime[30177:519155] video file loaded at 960 x 540 @ 29.970030 fps
[notice ] TwoSceneAcceptance: MEDIA canonical selection changed at frame 1457 (active=temporal-fields): media.auto.014b1a8c -> media.auto.97b545fd
2026-10-05 21:06:39.752 experience_runtime[30177:518639] video file loaded at 960 x 540 @ 29.970030 fps
[notice ] TimeOffsetVideoBuffer: loadExplicit: loaded /Users/joseconchello/openFrameworks/apps/myApps/EcopunkVideoCollage/assets/shared/media/vecteezy_beautiful-rain-drops-falling-on-to-tree-slow-motion-video_21921750.mp4
[notice ] TwoSceneAcceptance: PASS — [frame 1462] [cycle9_blob_to_temporal] transition Idle -> FadingOut -> Loading -> FadingIn -> Idle (fadeOut=12 loading=1 fadeIn=12)
[notice ] SceneManager: PreviousScene accepted: "temporal-fields" -> "blob-region-prototype"
[notice ] SceneManager: NextScene rejected (transition in progress)
[notice ] SceneManager: PreviousScene rejected (transition in progress)
[notice ] SceneManager: NextScene rejected (transition in progress)
[notice ] SceneManager: scene "blob-region-prototype" is now the active owner
[notice ] TwoSceneAcceptance: FAIL — [frame 1536] [cycle9_temporal_to_blob] §12 Blob scratch FBOs valid after Temporal: fragment=932x456
[notice ] SceneManager: PreviousScene rejected (transition in progress)
[notice ] TwoSceneAcceptance: PASS — [frame 1548] [cycle9_temporal_to_blob] transition Idle -> FadingOut -> Loading -> FadingIn -> Idle (fadeOut=12 loading=1 fadeIn=12)
[notice ] TwoSceneAcceptance: FAIL — [frame 1549] [cycle9_temporal_to_blob] §9 semantic payload is blob-region-prototype's only (state + metrics), absent values not zero-filled; HUD profile = blob-region-prototype: state=scene.blob.state.analyzing metrics=scene.blob.metric.region_count,scene.blob.metric.fragment_count,scene.blob.metric.occupied_area
[notice ] TwoSceneAcceptance: RESOURCE cycle=9 frame=1608 residentMB=411 netAllocs=2560 fboAllocs=1 fboSwitchReallocs=0 blobFragScratch=932x456 blobBgScratch=0x0 temporalHistory=61/72 playheads=6 adapterReloads=11 temporalHasMedia=1 textureWarnings=3
[notice ] SceneManager: NextScene accepted: "blob-region-prototype" -> "temporal-fields"
[notice ] SceneManager: NextScene rejected (transition in progress)
[notice ] SceneManager: PreviousScene rejected (transition in progress)
[notice ] SceneManager: PreviousScene rejected (transition in progress)
2026-10-05 21:06:45.294 experience_runtime[30177:519164] video file loaded at 960 x 540 @ 29.970030 fps
[notice ] TimeOffsetVideoBuffer: loadExplicit: loaded /Users/joseconchello/openFrameworks/apps/myApps/EcopunkVideoCollage/assets/shared/media/vecteezy_beautiful-rain-drops-falling-on-to-tree-slow-motion-video_21921750.mp4
[notice ] TFComposition: pattern -> BSP seed=359502
[notice ] SceneManager: scene "temporal-fields" is now the active owner
[notice ] SceneManager: NextScene rejected (transition in progress)
[notice ] TwoSceneAcceptance: PASS — [frame 1634] [cycle10_blob_to_temporal] transition Idle -> FadingOut -> Loading -> FadingIn -> Idle (fadeOut=12 loading=1 fadeIn=12)
2026-10-05 21:07:09.828 experience_runtime[30177:518360] video file loaded at 960 x 540 @ 24.000000 fps
[notice ] TwoSceneAcceptance: MEDIA canonical selection changed at frame 2358 (active=temporal-fields): media.auto.97b545fd -> media.auto.47d1cd1b
2026-10-05 21:07:09.857 experience_runtime[30177:519158] video file loaded at 960 x 540 @ 24.000000 fps
[notice ] TimeOffsetVideoBuffer: loadExplicit: loaded /Users/joseconchello/openFrameworks/apps/myApps/EcopunkVideoCollage/assets/shared/media/vecteezy_calm-ocean-background_68288092.mp4
2026-10-05 21:07:39.864 experience_runtime[30177:518337] video file loaded at 960 x 540 @ 24.000000 fps
[notice ] TwoSceneAcceptance: MEDIA canonical selection changed at frame 3259 (active=temporal-fields): media.auto.47d1cd1b -> media.auto.5c185454
2026-10-05 21:07:39.892 experience_runtime[30177:519157] video file loaded at 960 x 540 @ 24.000000 fps
[notice ] TimeOffsetVideoBuffer: loadExplicit: loaded /Users/joseconchello/openFrameworks/apps/myApps/EcopunkVideoCollage/assets/shared/media/vecteezy_ladybug-among-plants-in-green-nature_23796343.mp4
2026-10-05 21:08:09.898 experience_runtime[30177:519155] video file loaded at 960 x 540 @ 29.970030 fps
[notice ] TwoSceneAcceptance: MEDIA canonical selection changed at frame 4160 (active=temporal-fields): media.auto.5c185454 -> media.auto.40fd74a2
2026-10-05 21:08:09.927 experience_runtime[30177:519155] video file loaded at 960 x 540 @ 29.970030 fps
[notice ] TimeOffsetVideoBuffer: loadExplicit: loaded /Users/joseconchello/openFrameworks/apps/myApps/EcopunkVideoCollage/assets/shared/media/vecteezy_a-flight-over-the-mountain-peaks_2019454.mp4
[notice ] TFComposition: pattern -> BLOB_GRID seed=780230
2026-10-05 21:08:39.930 experience_runtime[30177:519156] video file loaded at 960 x 540 @ 23.976025 fps
[notice ] TwoSceneAcceptance: MEDIA canonical selection changed at frame 5061 (active=temporal-fields): media.auto.40fd74a2 -> media.auto.9fc43161
2026-10-05 21:08:39.961 experience_runtime[30177:519164] video file loaded at 960 x 540 @ 23.976025 fps
[notice ] TimeOffsetVideoBuffer: loadExplicit: loaded /Users/joseconchello/openFrameworks/apps/myApps/EcopunkVideoCollage/assets/shared/media/vecteezy_black-centipede-in-the-wild_1971372.mp4
[notice ] TwoSceneAcceptance: FAIL — [frame 5634] §11 natural mid-TFFragmentTransition captured during the extended cycle-10 Temporal activation: dwellFrames=4000
[notice ] SceneManager: PreviousScene accepted: "temporal-fields" -> "blob-region-prototype"
[notice ] SceneManager: NextScene rejected (transition in progress)
[notice ] SceneManager: PreviousScene rejected (transition in progress)
[notice ] SceneManager: NextScene rejected (transition in progress)
[notice ] SceneManager: scene "blob-region-prototype" is now the active owner
[notice ] TwoSceneAcceptance: FAIL — [frame 5648] [cycle10_temporal_to_blob] §12 Blob scratch FBOs valid after Temporal: fragment=932x456
[notice ] SceneManager: PreviousScene rejected (transition in progress)
[notice ] TwoSceneAcceptance: PASS — [frame 5660] [cycle10_temporal_to_blob] transition Idle -> FadingOut -> Loading -> FadingIn -> Idle (fadeOut=12 loading=1 fadeIn=12)
[notice ] TwoSceneAcceptance: FAIL — [frame 5661] [cycle10_temporal_to_blob] §9 semantic payload is blob-region-prototype's only (state + metrics), absent values not zero-filled; HUD profile = blob-region-prototype: state=scene.blob.state.stable metrics=scene.blob.metric.region_count,scene.blob.metric.fragment_count,scene.blob.metric.occupied_area
[notice ] TwoSceneAcceptance: RESOURCE cycle=10 frame=5720 residentMB=421 netAllocs=3008 fboAllocs=1 fboSwitchReallocs=0 blobFragScratch=932x456 blobBgScratch=0x0 temporalHistory=72/72 playheads=6 adapterReloads=16 temporalHasMedia=1 textureWarnings=3
[notice ] SceneManager: NextScene accepted: "blob-region-prototype" -> "temporal-fields"
[notice ] SceneManager: NextScene rejected (transition in progress)
[notice ] SceneManager: PreviousScene rejected (transition in progress)
[notice ] SceneManager: PreviousScene rejected (transition in progress)
2026-10-05 21:09:02.427 experience_runtime[30177:519182] video file loaded at 960 x 540 @ 23.976025 fps
[notice ] TimeOffsetVideoBuffer: loadExplicit: loaded /Users/joseconchello/openFrameworks/apps/myApps/EcopunkVideoCollage/assets/shared/media/vecteezy_black-centipede-in-the-wild_1971372.mp4
[notice ] TFComposition: pattern -> BSP seed=281348
[notice ] SceneManager: scene "temporal-fields" is now the active owner
[notice ] SceneManager: NextScene rejected (transition in progress)
[notice ] TwoSceneAcceptance: PASS — [frame 5746] [cycle11_blob_to_temporal] transition Idle -> FadingOut -> Loading -> FadingIn -> Idle (fadeOut=12 loading=1 fadeIn=12)
[notice ] SceneManager: PreviousScene accepted: "temporal-fields" -> "blob-region-prototype"
[notice ] SceneManager: NextScene rejected (transition in progress)
[notice ] SceneManager: PreviousScene rejected (transition in progress)
[notice ] SceneManager: NextScene rejected (transition in progress)
[notice ] SceneManager: scene "blob-region-prototype" is now the active owner
[notice ] TwoSceneAcceptance: FAIL — [frame 5820] [cycle11_temporal_to_blob] §12 Blob scratch FBOs valid after Temporal: fragment=932x456
[notice ] SceneManager: PreviousScene rejected (transition in progress)
[notice ] TwoSceneAcceptance: PASS — [frame 5832] [cycle11_temporal_to_blob] transition Idle -> FadingOut -> Loading -> FadingIn -> Idle (fadeOut=12 loading=1 fadeIn=12)
[notice ] TwoSceneAcceptance: FAIL — [frame 5833] [cycle11_temporal_to_blob] §9 semantic payload is blob-region-prototype's only (state + metrics), absent values not zero-filled; HUD profile = blob-region-prototype: state=scene.blob.state.stable metrics=scene.blob.metric.region_count,scene.blob.metric.fragment_count,scene.blob.metric.occupied_area
[notice ] TwoSceneAcceptance: RESOURCE cycle=11 frame=5892 residentMB=418 netAllocs=2734 fboAllocs=1 fboSwitchReallocs=0 blobFragScratch=932x456 blobBgScratch=0x0 temporalHistory=69/72 playheads=6 adapterReloads=17 temporalHasMedia=1 textureWarnings=3
[notice ] SceneManager: NextScene accepted: "blob-region-prototype" -> "temporal-fields"
[notice ] SceneManager: NextScene rejected (transition in progress)
[notice ] SceneManager: PreviousScene rejected (transition in progress)
[notice ] SceneManager: PreviousScene rejected (transition in progress)
2026-10-05 21:09:08.227 experience_runtime[30177:518360] video file loaded at 960 x 540 @ 23.976025 fps
[notice ] TimeOffsetVideoBuffer: loadExplicit: loaded /Users/joseconchello/openFrameworks/apps/myApps/EcopunkVideoCollage/assets/shared/media/vecteezy_black-centipede-in-the-wild_1971372.mp4
[notice ] TFComposition: pattern -> BSP seed=131428
[notice ] SceneManager: scene "temporal-fields" is now the active owner
[notice ] SceneManager: NextScene rejected (transition in progress)
[notice ] TwoSceneAcceptance: PASS — [frame 5918] [cycle12_blob_to_temporal] transition Idle -> FadingOut -> Loading -> FadingIn -> Idle (fadeOut=12 loading=1 fadeIn=12)
2026-10-05 21:09:10.099 experience_runtime[30177:521832] video file loaded at 960 x 540 @ 29.970030 fps
[notice ] TwoSceneAcceptance: MEDIA canonical selection changed at frame 5962 (active=temporal-fields): media.auto.9fc43161 -> media.auto.e50e19fd
2026-10-05 21:09:10.124 experience_runtime[30177:518652] video file loaded at 960 x 540 @ 29.970030 fps
[notice ] TimeOffsetVideoBuffer: loadExplicit: loaded /Users/joseconchello/openFrameworks/apps/myApps/EcopunkVideoCollage/assets/shared/media/vecteezy_close-up-of-a-snail-on-a-green-grass_12322900.mp4
[notice ] SceneManager: PreviousScene accepted: "temporal-fields" -> "blob-region-prototype"
[notice ] SceneManager: NextScene rejected (transition in progress)
[notice ] SceneManager: PreviousScene rejected (transition in progress)
[notice ] SceneManager: NextScene rejected (transition in progress)
[notice ] SceneManager: scene "blob-region-prototype" is now the active owner
[notice ] TwoSceneAcceptance: FAIL — [frame 5992] [cycle12_temporal_to_blob] §12 Blob scratch FBOs valid after Temporal: fragment=932x456
[notice ] SceneManager: PreviousScene rejected (transition in progress)
[notice ] TwoSceneAcceptance: PASS — [frame 6004] [cycle12_temporal_to_blob] transition Idle -> FadingOut -> Loading -> FadingIn -> Idle (fadeOut=12 loading=1 fadeIn=12)
[notice ] TwoSceneAcceptance: FAIL — [frame 6005] [cycle12_temporal_to_blob] §9 semantic payload is blob-region-prototype's only (state + metrics), absent values not zero-filled; HUD profile = blob-region-prototype: state=scene.blob.state.stable metrics=scene.blob.metric.region_count,scene.blob.metric.fragment_count,scene.blob.metric.occupied_area
[notice ] TwoSceneAcceptance: RESOURCE cycle=12 frame=6064 residentMB=381 netAllocs=2699 fboAllocs=1 fboSwitchReallocs=0 blobFragScratch=932x456 blobBgScratch=0x0 temporalHistory=12/72 playheads=6 adapterReloads=19 temporalHasMedia=1 textureWarnings=3
[notice ] SceneManager: NextScene accepted: "blob-region-prototype" -> "temporal-fields"
[notice ] SceneManager: NextScene rejected (transition in progress)
[notice ] SceneManager: PreviousScene rejected (transition in progress)
[notice ] SceneManager: PreviousScene rejected (transition in progress)
2026-10-05 21:09:14.026 experience_runtime[30177:519156] video file loaded at 960 x 540 @ 29.970030 fps
[notice ] TimeOffsetVideoBuffer: loadExplicit: loaded /Users/joseconchello/openFrameworks/apps/myApps/EcopunkVideoCollage/assets/shared/media/vecteezy_close-up-of-a-snail-on-a-green-grass_12322900.mp4
[notice ] TFComposition: pattern -> BSP seed=870824
[notice ] SceneManager: scene "temporal-fields" is now the active owner
[notice ] SceneManager: NextScene rejected (transition in progress)
[notice ] TwoSceneAcceptance: PASS — [frame 6090] [cycle13_blob_to_temporal] transition Idle -> FadingOut -> Loading -> FadingIn -> Idle (fadeOut=12 loading=1 fadeIn=12)
[notice ] SceneManager: PreviousScene accepted: "temporal-fields" -> "blob-region-prototype"
[notice ] SceneManager: NextScene rejected (transition in progress)
[notice ] SceneManager: PreviousScene rejected (transition in progress)
[notice ] SceneManager: NextScene rejected (transition in progress)
[notice ] SceneManager: scene "blob-region-prototype" is now the active owner
[notice ] TwoSceneAcceptance: FAIL — [frame 6164] [cycle13_temporal_to_blob] §12 Blob scratch FBOs valid after Temporal: fragment=932x456
[notice ] SceneManager: PreviousScene rejected (transition in progress)
[notice ] TwoSceneAcceptance: PASS — [frame 6176] [cycle13_temporal_to_blob] transition Idle -> FadingOut -> Loading -> FadingIn -> Idle (fadeOut=12 loading=1 fadeIn=12)
[notice ] TwoSceneAcceptance: FAIL — [frame 6177] [cycle13_temporal_to_blob] §9 semantic payload is blob-region-prototype's only (state + metrics), absent values not zero-filled; HUD profile = blob-region-prototype: state=scene.blob.state.analyzing metrics=scene.blob.metric.region_count,scene.blob.metric.fragment_count,scene.blob.metric.occupied_area
[notice ] TwoSceneAcceptance: RESOURCE cycle=13 frame=6236 residentMB=417 netAllocs=2736 fboAllocs=1 fboSwitchReallocs=0 blobFragScratch=932x456 blobBgScratch=0x0 temporalHistory=69/72 playheads=6 adapterReloads=20 temporalHasMedia=1 textureWarnings=3
[notice ] SceneManager: NextScene accepted: "blob-region-prototype" -> "temporal-fields"
[notice ] SceneManager: NextScene rejected (transition in progress)
[notice ] SceneManager: PreviousScene rejected (transition in progress)
[notice ] SceneManager: PreviousScene rejected (transition in progress)
2026-10-05 21:09:19.830 experience_runtime[30177:518652] video file loaded at 960 x 540 @ 29.970030 fps
[notice ] TimeOffsetVideoBuffer: loadExplicit: loaded /Users/joseconchello/openFrameworks/apps/myApps/EcopunkVideoCollage/assets/shared/media/vecteezy_close-up-of-a-snail-on-a-green-grass_12322900.mp4
[notice ] TFComposition: pattern -> BSP seed=891364
[notice ] SceneManager: scene "temporal-fields" is now the active owner
[notice ] SceneManager: NextScene rejected (transition in progress)
[notice ] TwoSceneAcceptance: PASS — [frame 6262] [cycle14_blob_to_temporal] transition Idle -> FadingOut -> Loading -> FadingIn -> Idle (fadeOut=12 loading=1 fadeIn=12)
[notice ] SceneManager: PreviousScene accepted: "temporal-fields" -> "blob-region-prototype"
[notice ] SceneManager: NextScene rejected (transition in progress)
[notice ] SceneManager: PreviousScene rejected (transition in progress)
[notice ] SceneManager: NextScene rejected (transition in progress)
[notice ] SceneManager: scene "blob-region-prototype" is now the active owner
[notice ] TwoSceneAcceptance: FAIL — [frame 6336] [cycle14_temporal_to_blob] §12 Blob scratch FBOs valid after Temporal: fragment=932x456
[notice ] SceneManager: PreviousScene rejected (transition in progress)
[notice ] TwoSceneAcceptance: PASS — [frame 6348] [cycle14_temporal_to_blob] transition Idle -> FadingOut -> Loading -> FadingIn -> Idle (fadeOut=12 loading=1 fadeIn=12)
[notice ] TwoSceneAcceptance: FAIL — [frame 6349] [cycle14_temporal_to_blob] §9 semantic payload is blob-region-prototype's only (state + metrics), absent values not zero-filled; HUD profile = blob-region-prototype: state=scene.blob.state.analyzing metrics=scene.blob.metric.region_count,scene.blob.metric.fragment_count,scene.blob.metric.occupied_area
[notice ] TwoSceneAcceptance: RESOURCE cycle=14 frame=6408 residentMB=417 netAllocs=2720 fboAllocs=1 fboSwitchReallocs=0 blobFragScratch=932x456 blobBgScratch=0x0 temporalHistory=69/72 playheads=6 adapterReloads=21 temporalHasMedia=1 textureWarnings=3
[notice ] SceneManager: NextScene accepted: "blob-region-prototype" -> "temporal-fields"
[notice ] SceneManager: NextScene rejected (transition in progress)
[notice ] SceneManager: PreviousScene rejected (transition in progress)
[notice ] SceneManager: PreviousScene rejected (transition in progress)
2026-10-05 21:09:25.628 experience_runtime[30177:519374] video file loaded at 960 x 540 @ 29.970030 fps
[notice ] TimeOffsetVideoBuffer: loadExplicit: loaded /Users/joseconchello/openFrameworks/apps/myApps/EcopunkVideoCollage/assets/shared/media/vecteezy_close-up-of-a-snail-on-a-green-grass_12322900.mp4
[notice ] TFComposition: pattern -> BSP seed=752876
[notice ] SceneManager: scene "temporal-fields" is now the active owner
[notice ] SceneManager: NextScene rejected (transition in progress)
[notice ] TwoSceneAcceptance: PASS — [frame 6434] [cycle15_blob_to_temporal] transition Idle -> FadingOut -> Loading -> FadingIn -> Idle (fadeOut=12 loading=1 fadeIn=12)
[notice ] SceneManager: PreviousScene accepted: "temporal-fields" -> "blob-region-prototype"
[notice ] SceneManager: NextScene rejected (transition in progress)
[notice ] SceneManager: PreviousScene rejected (transition in progress)
[notice ] SceneManager: NextScene rejected (transition in progress)
[notice ] SceneManager: scene "blob-region-prototype" is now the active owner
[notice ] TwoSceneAcceptance: FAIL — [frame 6508] [cycle15_temporal_to_blob] §12 Blob scratch FBOs valid after Temporal: fragment=932x456
[notice ] SceneManager: PreviousScene rejected (transition in progress)
[notice ] TwoSceneAcceptance: PASS — [frame 6520] [cycle15_temporal_to_blob] transition Idle -> FadingOut -> Loading -> FadingIn -> Idle (fadeOut=12 loading=1 fadeIn=12)
[notice ] TwoSceneAcceptance: FAIL — [frame 6521] [cycle15_temporal_to_blob] §9 semantic payload is blob-region-prototype's only (state + metrics), absent values not zero-filled; HUD profile = blob-region-prototype: state=scene.blob.state.analyzing metrics=scene.blob.metric.region_count,scene.blob.metric.fragment_count,scene.blob.metric.occupied_area
[notice ] TwoSceneAcceptance: RESOURCE cycle=15 frame=6580 residentMB=418 netAllocs=2747 fboAllocs=1 fboSwitchReallocs=0 blobFragScratch=932x456 blobBgScratch=0x0 temporalHistory=69/72 playheads=6 adapterReloads=22 temporalHasMedia=1 textureWarnings=3
[notice ] SceneManager: NextScene accepted: "blob-region-prototype" -> "temporal-fields"
[notice ] SceneManager: NextScene rejected (transition in progress)
[notice ] SceneManager: PreviousScene rejected (transition in progress)
[notice ] SceneManager: PreviousScene rejected (transition in progress)
2026-10-05 21:09:31.425 experience_runtime[30177:519184] video file loaded at 960 x 540 @ 29.970030 fps
[notice ] TimeOffsetVideoBuffer: loadExplicit: loaded /Users/joseconchello/openFrameworks/apps/myApps/EcopunkVideoCollage/assets/shared/media/vecteezy_close-up-of-a-snail-on-a-green-grass_12322900.mp4
[notice ] TFComposition: pattern -> BSP seed=314632
[notice ] SceneManager: scene "temporal-fields" is now the active owner
[notice ] SceneManager: NextScene rejected (transition in progress)
[notice ] TwoSceneAcceptance: PASS — [frame 6606] [cycle16_blob_to_temporal] transition Idle -> FadingOut -> Loading -> FadingIn -> Idle (fadeOut=12 loading=1 fadeIn=12)
[notice ] SceneManager: PreviousScene accepted: "temporal-fields" -> "blob-region-prototype"
[notice ] SceneManager: NextScene rejected (transition in progress)
[notice ] SceneManager: PreviousScene rejected (transition in progress)
[notice ] SceneManager: NextScene rejected (transition in progress)
[notice ] SceneManager: scene "blob-region-prototype" is now the active owner
[notice ] TwoSceneAcceptance: FAIL — [frame 6680] [cycle16_temporal_to_blob] §12 Blob scratch FBOs valid after Temporal: fragment=932x456
[notice ] SceneManager: PreviousScene rejected (transition in progress)
[notice ] TwoSceneAcceptance: PASS — [frame 6692] [cycle16_temporal_to_blob] transition Idle -> FadingOut -> Loading -> FadingIn -> Idle (fadeOut=12 loading=1 fadeIn=12)
[notice ] TwoSceneAcceptance: FAIL — [frame 6693] [cycle16_temporal_to_blob] §9 semantic payload is blob-region-prototype's only (state + metrics), absent values not zero-filled; HUD profile = blob-region-prototype: state=scene.blob.state.analyzing metrics=scene.blob.metric.region_count,scene.blob.metric.fragment_count,scene.blob.metric.occupied_area
[notice ] TwoSceneAcceptance: RESOURCE cycle=16 frame=6752 residentMB=418 netAllocs=2715 fboAllocs=1 fboSwitchReallocs=0 blobFragScratch=932x456 blobBgScratch=0x0 temporalHistory=69/72 playheads=6 adapterReloads=23 temporalHasMedia=1 textureWarnings=3
[notice ] SceneManager: NextScene accepted: "blob-region-prototype" -> "temporal-fields"
[notice ] SceneManager: NextScene rejected (transition in progress)
[notice ] SceneManager: PreviousScene rejected (transition in progress)
[notice ] SceneManager: PreviousScene rejected (transition in progress)
2026-10-05 21:09:37.229 experience_runtime[30177:518639] video file loaded at 960 x 540 @ 29.970030 fps
[notice ] TimeOffsetVideoBuffer: loadExplicit: loaded /Users/joseconchello/openFrameworks/apps/myApps/EcopunkVideoCollage/assets/shared/media/vecteezy_close-up-of-a-snail-on-a-green-grass_12322900.mp4
[notice ] TFComposition: pattern -> BSP seed=88191
[notice ] SceneManager: scene "temporal-fields" is now the active owner
[notice ] SceneManager: NextScene rejected (transition in progress)
[notice ] TwoSceneAcceptance: PASS — [frame 6778] [cycle17_blob_to_temporal] transition Idle -> FadingOut -> Loading -> FadingIn -> Idle (fadeOut=12 loading=1 fadeIn=12)
[notice ] SceneManager: PreviousScene accepted: "temporal-fields" -> "blob-region-prototype"
[notice ] SceneManager: NextScene rejected (transition in progress)
[notice ] SceneManager: PreviousScene rejected (transition in progress)
[notice ] SceneManager: NextScene rejected (transition in progress)
[notice ] SceneManager: scene "blob-region-prototype" is now the active owner
[notice ] TwoSceneAcceptance: FAIL — [frame 6852] [cycle17_temporal_to_blob] §12 Blob scratch FBOs valid after Temporal: fragment=932x456
[notice ] SceneManager: PreviousScene rejected (transition in progress)
2026-10-05 21:09:40.496 experience_runtime[30177:521833] video file loaded at 960 x 540 @ 30.000000 fps
[notice ] TwoSceneAcceptance: MEDIA canonical selection changed at frame 6863 (active=blob-region-prototype): media.auto.e50e19fd -> media.auto.e8a7768a
[notice ] TwoSceneAcceptance: PASS — [frame 6864] [cycle17_temporal_to_blob] transition Idle -> FadingOut -> Loading -> FadingIn -> Idle (fadeOut=12 loading=1 fadeIn=12)
[notice ] TwoSceneAcceptance: FAIL — [frame 6865] [cycle17_temporal_to_blob] §9 semantic payload is blob-region-prototype's only (state + metrics), absent values not zero-filled; HUD profile = blob-region-prototype: state=scene.blob.state.analyzing metrics=scene.blob.metric.region_count,scene.blob.metric.fragment_count,scene.blob.metric.occupied_area
[notice ] VideoRegionEffectRenderer: scratch FBOs (re)allocated to 932x712
[notice ] TwoSceneAcceptance: RESOURCE cycle=17 frame=6924 residentMB=420 netAllocs=2772 fboAllocs=1 fboSwitchReallocs=0 blobFragScratch=932x712 blobBgScratch=0x0 temporalHistory=69/72 playheads=6 adapterReloads=24 temporalHasMedia=1 textureWarnings=3
[notice ] SceneManager: NextScene accepted: "blob-region-prototype" -> "temporal-fields"
[notice ] SceneManager: NextScene rejected (transition in progress)
[notice ] SceneManager: PreviousScene rejected (transition in progress)
[notice ] SceneManager: PreviousScene rejected (transition in progress)
2026-10-05 21:09:43.030 experience_runtime[30177:519184] video file loaded at 960 x 540 @ 30.000000 fps
[notice ] TimeOffsetVideoBuffer: loadExplicit: loaded /Users/joseconchello/openFrameworks/apps/myApps/EcopunkVideoCollage/assets/shared/media/vecteezy_slow-motion-rain-background_29105578.mp4
[notice ] TFComposition: pattern -> BSP seed=507324
[notice ] SceneManager: scene "temporal-fields" is now the active owner
[notice ] SceneManager: NextScene rejected (transition in progress)
[notice ] TwoSceneAcceptance: PASS — [frame 6950] [cycle18_blob_to_temporal] transition Idle -> FadingOut -> Loading -> FadingIn -> Idle (fadeOut=12 loading=1 fadeIn=12)
[notice ] SceneManager: PreviousScene accepted: "temporal-fields" -> "blob-region-prototype"
[notice ] SceneManager: NextScene rejected (transition in progress)
[notice ] SceneManager: PreviousScene rejected (transition in progress)
[notice ] SceneManager: NextScene rejected (transition in progress)
[notice ] SceneManager: scene "blob-region-prototype" is now the active owner
[notice ] TwoSceneAcceptance: FAIL — [frame 7024] [cycle18_temporal_to_blob] §12 Blob scratch FBOs valid after Temporal: fragment=932x712
[notice ] SceneManager: PreviousScene rejected (transition in progress)
[notice ] TwoSceneAcceptance: PASS — [frame 7036] [cycle18_temporal_to_blob] transition Idle -> FadingOut -> Loading -> FadingIn -> Idle (fadeOut=12 loading=1 fadeIn=12)
[notice ] TwoSceneAcceptance: FAIL — [frame 7037] [cycle18_temporal_to_blob] §9 semantic payload is blob-region-prototype's only (state + metrics), absent values not zero-filled; HUD profile = blob-region-prototype: state=scene.blob.state.stable metrics=scene.blob.metric.region_count,scene.blob.metric.fragment_count,scene.blob.metric.occupied_area
[notice ] TwoSceneAcceptance: RESOURCE cycle=18 frame=7096 residentMB=421 netAllocs=2748 fboAllocs=1 fboSwitchReallocs=0 blobFragScratch=932x712 blobBgScratch=0x0 temporalHistory=69/72 playheads=6 adapterReloads=25 temporalHasMedia=1 textureWarnings=3
[notice ] SceneManager: NextScene accepted: "blob-region-prototype" -> "temporal-fields"
[notice ] SceneManager: NextScene rejected (transition in progress)
[notice ] SceneManager: PreviousScene rejected (transition in progress)
[notice ] SceneManager: PreviousScene rejected (transition in progress)
2026-10-05 21:09:48.829 experience_runtime[30177:519156] video file loaded at 960 x 540 @ 30.000000 fps
[notice ] TimeOffsetVideoBuffer: loadExplicit: loaded /Users/joseconchello/openFrameworks/apps/myApps/EcopunkVideoCollage/assets/shared/media/vecteezy_slow-motion-rain-background_29105578.mp4
[notice ] TFComposition: pattern -> BSP seed=83322
[notice ] SceneManager: scene "temporal-fields" is now the active owner
[notice ] SceneManager: NextScene rejected (transition in progress)
[notice ] TwoSceneAcceptance: PASS — [frame 7122] [cycle19_blob_to_temporal] transition Idle -> FadingOut -> Loading -> FadingIn -> Idle (fadeOut=12 loading=1 fadeIn=12)
[notice ] SceneManager: PreviousScene accepted: "temporal-fields" -> "blob-region-prototype"
[notice ] SceneManager: NextScene rejected (transition in progress)
[notice ] SceneManager: PreviousScene rejected (transition in progress)
[notice ] SceneManager: NextScene rejected (transition in progress)
[notice ] SceneManager: scene "blob-region-prototype" is now the active owner
[notice ] TwoSceneAcceptance: FAIL — [frame 7196] [cycle19_temporal_to_blob] §12 Blob scratch FBOs valid after Temporal: fragment=932x712
[notice ] SceneManager: PreviousScene rejected (transition in progress)
[notice ] TwoSceneAcceptance: PASS — [frame 7208] [cycle19_temporal_to_blob] transition Idle -> FadingOut -> Loading -> FadingIn -> Idle (fadeOut=12 loading=1 fadeIn=12)
[notice ] TwoSceneAcceptance: FAIL — [frame 7209] [cycle19_temporal_to_blob] §9 semantic payload is blob-region-prototype's only (state + metrics), absent values not zero-filled; HUD profile = blob-region-prototype: state=scene.blob.state.analyzing metrics=scene.blob.metric.region_count,scene.blob.metric.fragment_count,scene.blob.metric.occupied_area
[notice ] TwoSceneAcceptance: RESOURCE cycle=19 frame=7268 residentMB=421 netAllocs=2791 fboAllocs=1 fboSwitchReallocs=0 blobFragScratch=932x712 blobBgScratch=0x0 temporalHistory=69/72 playheads=6 adapterReloads=26 temporalHasMedia=1 textureWarnings=3
[notice ] SceneManager: NextScene accepted: "blob-region-prototype" -> "temporal-fields"
[notice ] SceneManager: NextScene rejected (transition in progress)
[notice ] SceneManager: PreviousScene rejected (transition in progress)
[notice ] SceneManager: PreviousScene rejected (transition in progress)
2026-10-05 21:09:54.634 experience_runtime[30177:518651] video file loaded at 960 x 540 @ 30.000000 fps
[notice ] TimeOffsetVideoBuffer: loadExplicit: loaded /Users/joseconchello/openFrameworks/apps/myApps/EcopunkVideoCollage/assets/shared/media/vecteezy_slow-motion-rain-background_29105578.mp4
[notice ] TFComposition: pattern -> BSP seed=914602
[notice ] SceneManager: scene "temporal-fields" is now the active owner
[notice ] SceneManager: NextScene rejected (transition in progress)
[notice ] TwoSceneAcceptance: PASS — [frame 7294] [cycle20_blob_to_temporal] transition Idle -> FadingOut -> Loading -> FadingIn -> Idle (fadeOut=12 loading=1 fadeIn=12)
[notice ] SceneManager: PreviousScene accepted: "temporal-fields" -> "blob-region-prototype"
[notice ] SceneManager: NextScene rejected (transition in progress)
[notice ] SceneManager: PreviousScene rejected (transition in progress)
[notice ] SceneManager: NextScene rejected (transition in progress)
[notice ] SceneManager: scene "blob-region-prototype" is now the active owner
[notice ] TwoSceneAcceptance: FAIL — [frame 7368] [cycle20_temporal_to_blob] §12 Blob scratch FBOs valid after Temporal: fragment=932x712
[notice ] SceneManager: PreviousScene rejected (transition in progress)
[notice ] TwoSceneAcceptance: PASS — [frame 7380] [cycle20_temporal_to_blob] transition Idle -> FadingOut -> Loading -> FadingIn -> Idle (fadeOut=12 loading=1 fadeIn=12)
[notice ] TwoSceneAcceptance: FAIL — [frame 7381] [cycle20_temporal_to_blob] §9 semantic payload is blob-region-prototype's only (state + metrics), absent values not zero-filled; HUD profile = blob-region-prototype: state=scene.blob.state.analyzing metrics=scene.blob.metric.region_count,scene.blob.metric.fragment_count,scene.blob.metric.occupied_area
[notice ] TwoSceneAcceptance: RESOURCE cycle=20 frame=7440 residentMB=411 netAllocs=2768 fboAllocs=1 fboSwitchReallocs=0 blobFragScratch=932x712 blobBgScratch=0x0 temporalHistory=69/72 playheads=6 adapterReloads=27 temporalHasMedia=1 textureWarnings=3
[notice ] TwoSceneAcceptance: PASS — [frame 7450] §15 final validation: Blob active + Idle, status Ready, live render, effects missing, canonical video valid, HUD profile Blob, GL/FBO baseline: video health=2
[notice ] TwoSceneAcceptance: captured captures/rt002_final_blob.png (1280x720 window)
[notice ] TwoSceneAcceptance: PASS — [frame 7450] §2 totals: setup once per scene (Blob=1, Temporal=1)
[notice ] TwoSceneAcceptance: PASS — [frame 7450] §2/§4 totals: Blob activations=21, Temporal activations=20; capabilityQueries == successfulActivations: blob 21/21 temporal 20/20
[notice ] TwoSceneAcceptance: COUNTERS pre-shutdown blob setup=1 activate=21 success=21 deactivate=20 capQ=21 statusPulls=1530 update=1530 draw=1530 effectPulls=0
[notice ] TwoSceneAcceptance: COUNTERS pre-shutdown temporal setup=1 activate=20 success=20 deactivate=20 capQ=20 statusPulls=5400 update=5400 draw=5400 effectPulls=5400
[notice ] TwoSceneAcceptance: PASS — [frame 7450] §15 shutdown: active Blob deactivated; every activation matched by a deactivation: blob 21/21 temporal 20/20
[notice ] TwoSceneAcceptance: PASS — [frame 7450] §15 shutdown: both set-up scenes shut down exactly once
[notice ] TwoSceneAcceptance: PASS — [frame 7450] §15 post-shutdown: scene commands and scene switches rejected
[notice ] TwoSceneAcceptance: PASS — [frame 7450] §15 post-shutdown: no scene work runs (beginFrame reports no live scene)
[notice ] TwoSceneAcceptance: SHUTDOWN observation: temporal history after shutdown=69 temporal buffer hasMedia=1 sceneFbo still allocated=1 (released by destructors at process teardown) textureWarningsDuringExit=0
[notice ] TwoSceneAcceptance: TABLE activations: cycle | scene | activeFrames | warningFrames | warnings | firstWarn | lastWarn | firstValid | historyAtWarnings | rawVideoAllocatedAtWarnings | staleOutgoing | backgroundOnly | hud | gl
[notice ] TwoSceneAcceptance: ACT | -1 | blob-region-prototype | 60 | 0 | 0 | -1 | -1 | -1 |  |  | 0 | 0 | 1 | 1
[notice ] TwoSceneAcceptance: ACT | 1 | temporal-fields | 73 | 1 | 3 | 0 | 0 | 5 | 0, | 1, | 0 | 1 | 1 | 1
[notice ] TwoSceneAcceptance: ACT | 1 | blob-region-prototype | 73 | 0 | 0 | -1 | -1 | -1 |  |  | 0 | 0 | 1 | 1
[notice ] TwoSceneAcceptance: ACT | 2 | temporal-fields | 73 | 0 | 0 | -1 | -1 | 8 |  |  | 0 | 1 | 1 | 1
[notice ] TwoSceneAcceptance: ACT | 2 | blob-region-prototype | 73 | 0 | 0 | -1 | -1 | -1 |  |  | 0 | 0 | 1 | 1
[notice ] TwoSceneAcceptance: ACT | 3 | temporal-fields | 73 | 0 | 0 | -1 | -1 | 8 |  |  | 0 | 1 | 1 | 1
[notice ] TwoSceneAcceptance: ACT | 3 | blob-region-prototype | 73 | 0 | 0 | -1 | -1 | -1 |  |  | 0 | 0 | 1 | 1
[notice ] TwoSceneAcceptance: ACT | 4 | temporal-fields | 73 | 0 | 0 | -1 | -1 | 8 |  |  | 0 | 1 | 1 | 1
[notice ] TwoSceneAcceptance: ACT | 4 | blob-region-prototype | 73 | 0 | 0 | -1 | -1 | -1 |  |  | 0 | 0 | 1 | 1
[notice ] TwoSceneAcceptance: ACT | 5 | temporal-fields | 73 | 0 | 0 | -1 | -1 | 4 |  |  | 0 | 1 | 1 | 1
[notice ] TwoSceneAcceptance: ACT | 5 | blob-region-prototype | 73 | 0 | 0 | -1 | -1 | -1 |  |  | 0 | 0 | 1 | 1
[notice ] TwoSceneAcceptance: ACT | 6 | temporal-fields | 73 | 0 | 0 | -1 | -1 | 4 |  |  | 0 | 1 | 1 | 1
[notice ] TwoSceneAcceptance: ACT | 6 | blob-region-prototype | 73 | 0 | 0 | -1 | -1 | -1 |  |  | 0 | 0 | 1 | 1
[notice ] TwoSceneAcceptance: ACT | 7 | temporal-fields | 73 | 0 | 0 | -1 | -1 | 4 |  |  | 0 | 1 | 1 | 1
[notice ] TwoSceneAcceptance: ACT | 7 | blob-region-prototype | 73 | 0 | 0 | -1 | -1 | -1 |  |  | 0 | 0 | 1 | 1
[notice ] TwoSceneAcceptance: ACT | 8 | temporal-fields | 73 | 0 | 0 | -1 | -1 | 4 |  |  | 0 | 1 | 1 | 1
[notice ] TwoSceneAcceptance: ACT | 8 | blob-region-prototype | 73 | 0 | 0 | -1 | -1 | -1 |  |  | 0 | 0 | 1 | 1
[notice ] TwoSceneAcceptance: ACT | 9 | temporal-fields | 73 | 0 | 0 | -1 | -1 | 4 |  |  | 0 | 1 | 1 | 1
[notice ] TwoSceneAcceptance: ACT | 9 | blob-region-prototype | 73 | 0 | 0 | -1 | -1 | -1 |  |  | 0 | 0 | 1 | 1
[notice ] TwoSceneAcceptance: ACT | 10 | temporal-fields | 4013 | 0 | 0 | -1 | -1 | 4 |  |  | 0 | 1 | 1 | 1
[notice ] TwoSceneAcceptance: ACT | 10 | blob-region-prototype | 73 | 0 | 0 | -1 | -1 | -1 |  |  | 0 | 0 | 1 | 1
[notice ] TwoSceneAcceptance: ACT | 11 | temporal-fields | 73 | 0 | 0 | -1 | -1 | 4 |  |  | 0 | 1 | 1 | 1
[notice ] TwoSceneAcceptance: ACT | 11 | blob-region-prototype | 73 | 0 | 0 | -1 | -1 | -1 |  |  | 0 | 0 | 1 | 1
[notice ] TwoSceneAcceptance: ACT | 12 | temporal-fields | 73 | 0 | 0 | -1 | -1 | 4 |  |  | 0 | 1 | 1 | 1
[notice ] TwoSceneAcceptance: ACT | 12 | blob-region-prototype | 73 | 0 | 0 | -1 | -1 | -1 |  |  | 0 | 0 | 1 | 1
[notice ] TwoSceneAcceptance: ACT | 13 | temporal-fields | 73 | 0 | 0 | -1 | -1 | 4 |  |  | 0 | 1 | 1 | 1
[notice ] TwoSceneAcceptance: ACT | 13 | blob-region-prototype | 73 | 0 | 0 | -1 | -1 | -1 |  |  | 0 | 0 | 1 | 1
[notice ] TwoSceneAcceptance: ACT | 14 | temporal-fields | 73 | 0 | 0 | -1 | -1 | 4 |  |  | 0 | 1 | 1 | 1
[notice ] TwoSceneAcceptance: ACT | 14 | blob-region-prototype | 73 | 0 | 0 | -1 | -1 | -1 |  |  | 0 | 0 | 1 | 1
[notice ] TwoSceneAcceptance: ACT | 15 | temporal-fields | 73 | 0 | 0 | -1 | -1 | 4 |  |  | 0 | 1 | 1 | 1
[notice ] TwoSceneAcceptance: ACT | 15 | blob-region-prototype | 73 | 0 | 0 | -1 | -1 | -1 |  |  | 0 | 0 | 1 | 1
[notice ] TwoSceneAcceptance: ACT | 16 | temporal-fields | 73 | 0 | 0 | -1 | -1 | 4 |  |  | 0 | 1 | 1 | 1
[notice ] TwoSceneAcceptance: ACT | 16 | blob-region-prototype | 73 | 0 | 0 | -1 | -1 | -1 |  |  | 0 | 0 | 1 | 1
[notice ] TwoSceneAcceptance: ACT | 17 | temporal-fields | 73 | 0 | 0 | -1 | -1 | 4 |  |  | 0 | 1 | 1 | 1
[notice ] TwoSceneAcceptance: ACT | 17 | blob-region-prototype | 73 | 0 | 0 | -1 | -1 | -1 |  |  | 0 | 0 | 1 | 1
[notice ] TwoSceneAcceptance: ACT | 18 | temporal-fields | 73 | 0 | 0 | -1 | -1 | 4 |  |  | 0 | 1 | 1 | 1
[notice ] TwoSceneAcceptance: ACT | 18 | blob-region-prototype | 73 | 0 | 0 | -1 | -1 | -1 |  |  | 0 | 0 | 1 | 1
[notice ] TwoSceneAcceptance: ACT | 19 | temporal-fields | 73 | 0 | 0 | -1 | -1 | 4 |  |  | 0 | 1 | 1 | 1
[notice ] TwoSceneAcceptance: ACT | 19 | blob-region-prototype | 73 | 0 | 0 | -1 | -1 | -1 |  |  | 0 | 0 | 1 | 1
[notice ] TwoSceneAcceptance: ACT | 20 | temporal-fields | 73 | 0 | 0 | -1 | -1 | 4 |  |  | 0 | 1 | 1 | 1
[notice ] TwoSceneAcceptance: ACT | 20 | blob-region-prototype | 73 | 0 | 0 | -1 | -1 | -1 |  |  | 0 | 0 | 1 | 1
[notice ] TwoSceneAcceptance: MEDIACHANGE frame=117 active=temporal-fields media.auto.e20beffd -> media.auto.4a618eef (intentional)
[notice ] TwoSceneAcceptance: MEDIACHANGE frame=375 active=blob-region-prototype media.auto.4a618eef -> media.auto.014b1a8c (intentional)
[notice ] TwoSceneAcceptance: MEDIACHANGE frame=1457 active=temporal-fields media.auto.014b1a8c -> media.auto.97b545fd
[notice ] TwoSceneAcceptance: MEDIACHANGE frame=2358 active=temporal-fields media.auto.97b545fd -> media.auto.47d1cd1b
[notice ] TwoSceneAcceptance: MEDIACHANGE frame=3259 active=temporal-fields media.auto.47d1cd1b -> media.auto.5c185454
[notice ] TwoSceneAcceptance: MEDIACHANGE frame=4160 active=temporal-fields media.auto.5c185454 -> media.auto.40fd74a2
[notice ] TwoSceneAcceptance: MEDIACHANGE frame=5061 active=temporal-fields media.auto.40fd74a2 -> media.auto.9fc43161
[notice ] TwoSceneAcceptance: MEDIACHANGE frame=5962 active=temporal-fields media.auto.9fc43161 -> media.auto.e50e19fd
[notice ] TwoSceneAcceptance: MEDIACHANGE frame=6863 active=blob-region-prototype media.auto.e50e19fd -> media.auto.e8a7768a
[notice ] TwoSceneAcceptance: EFFECTS temporal presentEmptyFrames=1317 (first@74) presentActiveFrames=4083 (first@2282) effectIds={ascii_solarpunk desaturate recolor solarize } blobFramesWithEffects=0
[notice ] TwoSceneAcceptance: TOTALS frames=7450 live=6930 static=520 statusPulls=6930 hudFrameData=7450 hudDraws=7450 bridgeDraws=7450 glFailureFrames=0 minActiveFramesPerActivation=73 maxAdapterMismatchStreak=1 textureWarnings=3 otherWarnings=0
[notice ] TwoSceneAcceptance: ==================================================
[notice ] TwoSceneAcceptance: RT-002 TWO-SCENE ACCEPTANCE SUMMARY
[notice ] TwoSceneAcceptance: complete cycles: 20/20
[notice ] TwoSceneAcceptance: total checks: 97516
[notice ] TwoSceneAcceptance: failures: 41
[notice ] TwoSceneAcceptance: RESULT: FAIL
[notice ] TwoSceneAcceptance: ==================================================
exit=0
