[notice ] VideoPlaybackService: catalog built: 26 playable-candidate entries from /Users/joseconchello/openFrameworks/apps/myApps/EcopunkVideoCollage/assets/shared/media
2026-10-05 22:43:07.964 experience_runtime[45789:635892] video file loaded at 960 x 540 @ 29.970030 fps
[notice ] ShaderLibrary: loaded: desaturate
[notice ] ShaderLibrary: loaded: invert
[notice ] ShaderLibrary: loaded: recolor
[notice ] ShaderLibrary: loaded: threshold
[notice ] ShaderLibrary: loaded: dither
[notice ] ShaderLibrary: loaded: solarize
[notice ] ShaderLibrary: loaded: scanlines
[notice ] ShaderLibrary: loaded: channelshift
[notice ] ShaderLibrary: loaded: hue_rotate
[notice ] ShaderLibrary: loaded: ascii_solarpunk
[notice ] ShaderLibrary: loaded: heatmap_recolor
[notice ] ShaderLibrary: loaded: bioluminescence
[notice ] ShaderLibrary: loaded: chromatic_aberration
[notice ] ShaderLibrary: loaded: edge_glow
[notice ] ShaderLibrary: loaded: ink_outlines
[notice ] ShaderLibrary: loaded: pixel_drift
[notice ] ShaderLibrary: loaded: pixel_sorting
[notice ] ShaderLibrary: loaded: water_refraction
[notice ] TwoSceneAcceptance: RT-002 Blob <-> Temporal 20-cycle production switching acceptance (EXPERIENCE_RUNTIME_TWO_SCENE_ACCEPTANCE)
[notice ] TwoSceneAcceptance: PASS — [frame 0] §1 registry = [blob-region-prototype, temporal-fields] (order fixed): registry=blob-region-prototype,temporal-fields
[notice ] TwoSceneAcceptance: PASS — [frame 0] §1 FakeScene not in production registry: fake=fake-scene
[notice ] TwoSceneAcceptance: REGISTRY [0] id=blob-region-prototype displayName="Blob Region Prototype" native=1280x720
[notice ] TwoSceneAcceptance: REGISTRY [1] id=temporal-fields displayName="Temporal Fields" native=1280x720
[notice ] TwoSceneAcceptance: PASS — [frame 0] §1 startup scene = Blob, Idle: active=blob-region-prototype
[notice ] TwoSceneAcceptance: STARTUP capabilities (Blob): Next Previous 
[notice ] TwoSceneAcceptance: PASS — [frame 0] §1 startup: Blob setup=1 activate=1 capabilityQueries=1; Temporal not yet set up
[notice ] TwoSceneAcceptance: BASELINE gl={scissor=0 stencil=0 program=0 tex2D=0 fbo=0 | blend=1/770/771 viewport=0,0,1280x720 mv=1.00,0.00,-0.00,0.00,-0.00,1.00,-0.00,0.00,0.00,0.00,1.00,0.00,-640.00,-360.00,-623.54,1.00, style=1/1/1/1,1,1,1} hudGeometry=54v [25.6,115.2]-[793.6,619.2]
[notice ] TwoSceneAcceptance: PASS — [frame 60] warmup: 60 live Blob frames, effects missing, GL fixed baseline
[notice ] TwoSceneAcceptance: PASS — [frame 60] [cycle1_blob_to_temporal] outgoing owner is blob-region-prototype
[notice ] SceneManager: NextScene accepted: "blob-region-prototype" -> "temporal-fields"
[notice ] TwoSceneAcceptance: PASS — [frame 60] [cycle1_blob_to_temporal] NextScene accepted via InputRouter: FadingOut, pending=temporal-fields, active=blob-region-prototype, outgoing deactivated once, outgoing capabilities withdrawn
[notice ] TwoSceneAcceptance: PASS — [frame 61] [cycle1_blob_to_temporal] FadingOut 1/12: retained static outgoing frame unchanged; outgoing identity current; progress=0.08
[notice ] TwoSceneAcceptance: captured captures/rt002_cycle1_blob_to_temporal_1_fadingout.png (1280x720 window)
[notice ] SceneManager: NextScene rejected (transition in progress)
[notice ] SceneManager: PreviousScene rejected (transition in progress)
[notice ] TwoSceneAcceptance: PASS — [frame 62] [cycle1_blob_to_temporal] §3 switch commands during FadingOut rejected; no queued second switch
[notice ] TwoSceneAcceptance: PASS — [frame 72] [cycle1_blob_to_temporal] FadingOut 12/12: retained static outgoing frame unchanged; outgoing identity current; progress=1.00
2026-10-05 22:43:10.484 experience_runtime[45789:635892] video file loaded at 960 x 540 @ 29.970030 fps
[notice ] TimeOffsetVideoBuffer: loadExplicit: loaded /Users/joseconchello/openFrameworks/apps/myApps/EcopunkVideoCollage/assets/shared/media/vecteezy_turquoise-waves-rolled-on-the-rocks-beach-of-koh-miang_11120414.mp4
[notice ] ShaderLibrary: loaded: desaturate
[notice ] ShaderLibrary: loaded: invert
[notice ] ShaderLibrary: loaded: recolor
[notice ] ShaderLibrary: loaded: threshold
[notice ] ShaderLibrary: loaded: dither
[notice ] ShaderLibrary: loaded: solarize
[notice ] ShaderLibrary: loaded: scanlines
[notice ] ShaderLibrary: loaded: channelshift
[notice ] ShaderLibrary: loaded: hue_rotate
[notice ] ShaderLibrary: loaded: ascii_solarpunk
[notice ] ShaderLibrary: loaded: heatmap_recolor
[notice ] ShaderLibrary: loaded: bioluminescence
[notice ] ShaderLibrary: loaded: chromatic_aberration
[notice ] ShaderLibrary: loaded: edge_glow
[notice ] ShaderLibrary: loaded: ink_outlines
[notice ] ShaderLibrary: loaded: pixel_drift
[notice ] ShaderLibrary: loaded: pixel_sorting
[notice ] ShaderLibrary: loaded: water_refraction
[notice ] TFAmbientTextureLayer: loaded 19 background texture(s) from backgrounds
[notice ] EffectKnowledgeBase: skipped duplicate whitelist entry for ascii_solarpunk
[notice ] EffectKnowledgeBase: skipped duplicate whitelist entry for dither
[notice ] TFImageCycler: no images found in backgrounds
[notice ] TwoSceneAcceptance: PASS — [frame 73] [cycle1_blob_to_temporal] Loading: ownership released (no identity/semantics/effects/capabilities), pending=temporal-fields, static frame retained, incoming setup<=1 and not yet active: setup=1
[notice ] SceneManager: PreviousScene rejected (transition in progress)
[notice ] TwoSceneAcceptance: PASS — [frame 73] [cycle1_blob_to_temporal] §3 switch command during Loading rejected
[notice ] TwoSceneAcceptance: captured captures/rt002_cycle1_blob_to_temporal_2_loading.png (1280x720 window)
[notice ] TFComposition: pattern -> BSP seed=971270
[notice ] SceneManager: scene "temporal-fields" is now the active owner
[notice ] TwoSceneAcceptance: PASS — [frame 74] [cycle1_blob_to_temporal] first incoming frame: owner=temporal-fields, status/HUD profile from incoming only
[notice ] TwoSceneAcceptance: PASS — [frame 74] [cycle1_blob_to_temporal] §4 incoming activated once; capabilities queried once; capabilityQueries == successfulActivations: activations=1 capabilityQueries=1
[notice ] TwoSceneAcceptance: PASS — [frame 74] [cycle1_blob_to_temporal] §2 first incoming frame: one update, one status pull, one draw; setup total=1
[notice ] TwoSceneAcceptance: PASS — [frame 74] [cycle1_blob_to_temporal] §4 capabilities = incoming scene's own (not merged); unsupported not advertised: commands=2
[notice ] TwoSceneAcceptance: PASS — [frame 74] [cycle1_blob_to_temporal] §6 effects: Blob missing -> Temporal present
[notice ] TwoSceneAcceptance: PASS — [frame 74] [cycle1_blob_to_temporal] §7/§12 Temporal history follows current canonical media on activation: adapter=media.auto.9a8649a1 canonical=media.auto.9a8649a1
[notice ] TwoSceneAcceptance: PASS — [frame 74] [cycle1_blob_to_temporal] §10 incoming live frame replaced the static outgoing frame at FadingIn (no stale outgoing image)
[notice ] TwoSceneAcceptance: PASS — [frame 74] [cycle1_blob_to_temporal] same-size switch: no scene FBO reallocation
[notice ] TwoSceneAcceptance: captured captures/rt002_cycle1_blob_to_temporal_3_first_incoming.png (1280x720 window)
[notice ] SceneManager: NextScene rejected (transition in progress)
[notice ] TwoSceneAcceptance: PASS — [frame 75] [cycle1_blob_to_temporal] §3 switch command during FadingIn rejected
[notice ] TwoSceneAcceptance: PASS — [frame 86] [cycle1_blob_to_temporal] transition Idle -> FadingOut -> Loading -> FadingIn -> Idle (fadeOut=12 loading=1 fadeIn=12)
[notice ] TwoSceneAcceptance: PASS — [frame 87] [cycle1_blob_to_temporal] §9 semantic payload is temporal-fields's only (state + metrics), absent values not zero-filled; HUD profile = temporal-fields: state=scene.temporal.state.running metrics=scene.temporal.metric.pattern,scene.temporal.metric.history_fill,scene.temporal.metric.playhead_count
[notice ] TwoSceneAcceptance: MEDIA intentional NextMedia during Temporal dwell (key -> InputRouter -> SceneCommand -> active scene -> VideoPlaybackService) at frame 116: from=media.auto.9a8649a1 file=/Users/joseconchello/openFrameworks/apps/myApps/EcopunkVideoCollage/assets/shared/media/vecteezy_turquoise-waves-rolled-on-the-rocks-beach-of-koh-miang_11120414.mp4 history=35
2026-10-05 22:43:15.325 experience_runtime[45789:636014] video file loaded at 960 x 540 @ 24.000000 fps
[notice ] ExperienceRuntime: SceneCommand dispatched, accepted=1
2026-10-05 22:43:15.352 experience_runtime[45789:636014] video file loaded at 960 x 540 @ 24.000000 fps
[notice ] TimeOffsetVideoBuffer: loadExplicit: loaded /Users/joseconchello/openFrameworks/apps/myApps/EcopunkVideoCollage/assets/shared/media/vecteezy_calm-ocean-background_68288092.mp4
[notice ] TwoSceneAcceptance: MEDIA canonical selection changed at frame 117 (active=temporal-fields): media.auto.9a8649a1 -> media.auto.47d1cd1b
[notice ] TwoSceneAcceptance: captured captures/rt002_cycle1_blob_to_temporal_4_steady.png (1280x720 window)
[notice ] TwoSceneAcceptance: PASS — [frame 146] [cycle1_blob_to_temporal] §2 no inactive updates/draws/status pulls for blob-region-prototype across transition + dwell
[notice ] TwoSceneAcceptance: PASS — [frame 146] [cycle1_blob_to_temporal] §5 incoming: status pulls == updates == draws == live frames; >= 60 active frames: activeFrames=73
[notice ] TwoSceneAcceptance: PASS — [frame 146] §7 mandatory live media change while Temporal active: selection -> adapter follow -> history clear -> refill from new media: from=media.auto.9a8649a1 to=media.auto.47d1cd1b issued@116 selection@117 adapter@117 historyClear@117 refilled(>=10)@135 file /Users/joseconchello/openFrameworks/apps/myApps/EcopunkVideoCollage/assets/shared/media/vecteezy_turquoise-waves-rolled-on-the-rocks-beach-of-koh-miang_11120414.mp4 -> /Users/joseconchello/openFrameworks/apps/myApps/EcopunkVideoCollage/assets/shared/media/vecteezy_calm-ocean-background_68288092.mp4
[notice ] TwoSceneAcceptance: PASS — [frame 146] [cycle1_blob_to_temporal] §7/§12 no stale playhead texture presented while Temporal history is empty (TEMPORAL DOMAIN — observe only, not patched in RT-002): staleFrames=0 reusedPreviousActivationContent=0 canonicalMediaChangedSincePrevious=0
[notice ] TwoSceneAcceptance: PASS — [frame 146] [cycle1_temporal_to_blob] outgoing owner is temporal-fields
[notice ] SceneManager: PreviousScene accepted: "temporal-fields" -> "blob-region-prototype"
[notice ] TwoSceneAcceptance: PASS — [frame 146] [cycle1_temporal_to_blob] PreviousScene accepted via InputRouter: FadingOut, pending=blob-region-prototype, active=temporal-fields, outgoing deactivated once, outgoing capabilities withdrawn
[notice ] TwoSceneAcceptance: PASS — [frame 147] [cycle1_temporal_to_blob] FadingOut 1/12: retained static outgoing frame unchanged; outgoing identity current; progress=0.08
[notice ] TwoSceneAcceptance: captured captures/rt002_cycle1_temporal_to_blob_1_fadingout.png (1280x720 window)
[notice ] SceneManager: NextScene rejected (transition in progress)
[notice ] SceneManager: PreviousScene rejected (transition in progress)
[notice ] TwoSceneAcceptance: PASS — [frame 148] [cycle1_temporal_to_blob] §3 switch commands during FadingOut rejected; no queued second switch
[notice ] TwoSceneAcceptance: PASS — [frame 158] [cycle1_temporal_to_blob] FadingOut 12/12: retained static outgoing frame unchanged; outgoing identity current; progress=1.00
[notice ] TwoSceneAcceptance: PASS — [frame 159] [cycle1_temporal_to_blob] Loading: ownership released (no identity/semantics/effects/capabilities), pending=blob-region-prototype, static frame retained, incoming setup<=1 and not yet active: setup=1
[notice ] SceneManager: NextScene rejected (transition in progress)
[notice ] TwoSceneAcceptance: PASS — [frame 159] [cycle1_temporal_to_blob] §3 switch command during Loading rejected
[notice ] TwoSceneAcceptance: captured captures/rt002_cycle1_temporal_to_blob_2_loading.png (1280x720 window)
[notice ] SceneManager: scene "blob-region-prototype" is now the active owner
[notice ] TwoSceneAcceptance: PASS — [frame 160] [cycle1_temporal_to_blob] first incoming frame: owner=blob-region-prototype, status/HUD profile from incoming only
[notice ] TwoSceneAcceptance: PASS — [frame 160] [cycle1_temporal_to_blob] §4 incoming activated once; capabilities queried once; capabilityQueries == successfulActivations: activations=2 capabilityQueries=2
[notice ] TwoSceneAcceptance: PASS — [frame 160] [cycle1_temporal_to_blob] §2 first incoming frame: one update, one status pull, one draw; setup total=1
[notice ] TwoSceneAcceptance: PASS — [frame 160] [cycle1_temporal_to_blob] §4 capabilities = incoming scene's own (not merged); unsupported not advertised: commands=2
[notice ] TwoSceneAcceptance: PASS — [frame 160] [cycle1_temporal_to_blob] §6 effects: Temporal present -> Blob missing (no stale Temporal effects)
[notice ] TwoSceneAcceptance: PASS — [frame 160] [cycle1_temporal_to_blob] §12 Blob scratch FBO state unchanged across the Temporal activation (background stays unallocated per accepted Blob state): fragment=0x0 background=0x0
[notice ] TwoSceneAcceptance: PASS — [frame 160] [cycle1_temporal_to_blob] §10 incoming live frame replaced the static outgoing frame at FadingIn (no stale outgoing image)
[notice ] TwoSceneAcceptance: PASS — [frame 160] [cycle1_temporal_to_blob] same-size switch: no scene FBO reallocation
[notice ] TwoSceneAcceptance: captured captures/rt002_cycle1_temporal_to_blob_3_first_incoming.png (1280x720 window)
[notice ] SceneManager: PreviousScene rejected (transition in progress)
[notice ] TwoSceneAcceptance: PASS — [frame 161] [cycle1_temporal_to_blob] §3 switch command during FadingIn rejected
[notice ] VideoRegionEffectRenderer: scratch FBOs (re)allocated to 144x36
[notice ] VideoRegionEffectRenderer: scratch FBOs (re)allocated to 144x40
[notice ] VideoRegionEffectRenderer: scratch FBOs (re)allocated to 164x44
[notice ] VideoRegionEffectRenderer: scratch FBOs (re)allocated to 164x68
[notice ] VideoRegionEffectRenderer: scratch FBOs (re)allocated to 188x68
[notice ] VideoRegionEffectRenderer: scratch FBOs (re)allocated to 248x68
[notice ] VideoRegionEffectRenderer: scratch FBOs (re)allocated to 248x92
[notice ] VideoRegionEffectRenderer: scratch FBOs (re)allocated to 248x108
[notice ] VideoRegionEffectRenderer: scratch FBOs (re)allocated to 552x248
[notice ] TwoSceneAcceptance: PASS — [frame 172] [cycle1_temporal_to_blob] transition Idle -> FadingOut -> Loading -> FadingIn -> Idle (fadeOut=12 loading=1 fadeIn=12)
[notice ] TwoSceneAcceptance: PASS — [frame 173] [cycle1_temporal_to_blob] §9 semantic payload is blob-region-prototype's only (state + metrics), absent values not zero-filled; HUD profile = blob-region-prototype: state=scene.blob.state.fragmenting metrics=scene.blob.metric.region_count,scene.blob.metric.fragment_count,scene.blob.metric.occupied_area
[notice ] TwoSceneAcceptance: captured captures/rt002_cycle1_temporal_to_blob_4_steady.png (1280x720 window)
[notice ] TwoSceneAcceptance: PASS — [frame 232] [cycle1_temporal_to_blob] §2 no inactive updates/draws/status pulls for temporal-fields across transition + dwell
[notice ] TwoSceneAcceptance: PASS — [frame 232] [cycle1_temporal_to_blob] §5 incoming: status pulls == updates == draws == live frames; >= 60 active frames: activeFrames=73
[notice ] TwoSceneAcceptance: RESOURCE cycle=1 frame=232 residentMB=387 netAllocs=3758 fboAllocs=1 fboSwitchReallocs=0 blobFragScratch=552x248 blobBgScratch=0x0 temporalHistory=21/72 playheads=6 adapterReloads=2 temporalHasMedia=1 textureWarnings=0
[notice ] SceneManager: NextScene accepted: "blob-region-prototype" -> "temporal-fields"
[notice ] SceneManager: NextScene rejected (transition in progress)
[notice ] SceneManager: PreviousScene rejected (transition in progress)
[notice ] SceneManager: PreviousScene rejected (transition in progress)
2026-10-05 22:43:21.875 experience_runtime[45789:636003] video file loaded at 960 x 540 @ 24.000000 fps
[notice ] TimeOffsetVideoBuffer: loadExplicit: loaded /Users/joseconchello/openFrameworks/apps/myApps/EcopunkVideoCollage/assets/shared/media/vecteezy_calm-ocean-background_68288092.mp4
[notice ] TFComposition: pattern -> BSP seed=971604
[notice ] SceneManager: scene "temporal-fields" is now the active owner
[notice ] SceneManager: NextScene rejected (transition in progress)
[notice ] TwoSceneAcceptance: PASS — [frame 258] [cycle2_blob_to_temporal] transition Idle -> FadingOut -> Loading -> FadingIn -> Idle (fadeOut=12 loading=1 fadeIn=12)
[notice ] TwoSceneAcceptance: PASS — [frame 318] [cycle2_blob_to_temporal] §7/§12 no stale playhead texture presented while Temporal history is empty (TEMPORAL DOMAIN — observe only, not patched in RT-002): staleFrames=0 reusedPreviousActivationContent=0 canonicalMediaChangedSincePrevious=0
[notice ] SceneManager: PreviousScene accepted: "temporal-fields" -> "blob-region-prototype"
[notice ] SceneManager: NextScene rejected (transition in progress)
[notice ] SceneManager: PreviousScene rejected (transition in progress)
[notice ] SceneManager: NextScene rejected (transition in progress)
[notice ] SceneManager: scene "blob-region-prototype" is now the active owner
[notice ] SceneManager: PreviousScene rejected (transition in progress)
[notice ] TwoSceneAcceptance: PASS — [frame 344] [cycle2_temporal_to_blob] transition Idle -> FadingOut -> Loading -> FadingIn -> Idle (fadeOut=12 loading=1 fadeIn=12)
2026-10-05 22:43:23.033 experience_runtime[45789:635892] video file loaded at 960 x 540 @ 29.970030 fps
[notice ] ExperienceRuntime: SceneCommand dispatched, accepted=1
[notice ] TwoSceneAcceptance: MEDIA intentional NextMedia during Blob dwell at frame 374 from=media.auto.47d1cd1b
[notice ] TwoSceneAcceptance: MEDIA canonical selection changed at frame 375 (active=blob-region-prototype): media.auto.47d1cd1b -> media.auto.4a618eef
[notice ] TwoSceneAcceptance: PASS — [frame 376] §7 canonical media change during Blob dwell (HudFrameData.video follows the canonical service): media.auto.47d1cd1b -> media.auto.4a618eef
[notice ] VideoRegionEffectRenderer: scratch FBOs (re)allocated to 952x248
[notice ] VideoRegionEffectRenderer: scratch FBOs (re)allocated to 952x404
[notice ] VideoRegionEffectRenderer: scratch FBOs (re)allocated to 952x604
[notice ] TwoSceneAcceptance: RESOURCE cycle=2 frame=404 residentMB=408 netAllocs=3815 fboAllocs=1 fboSwitchReallocs=0 blobFragScratch=952x604 blobBgScratch=0x0 temporalHistory=65/72 playheads=6 adapterReloads=3 temporalHasMedia=1 textureWarnings=0
[notice ] SceneManager: NextScene accepted: "blob-region-prototype" -> "temporal-fields"
[notice ] SceneManager: NextScene rejected (transition in progress)
[notice ] SceneManager: PreviousScene rejected (transition in progress)
[notice ] SceneManager: PreviousScene rejected (transition in progress)
2026-10-05 22:43:23.426 experience_runtime[45789:636003] video file loaded at 960 x 540 @ 29.970030 fps
[notice ] TimeOffsetVideoBuffer: loadExplicit: loaded /Users/joseconchello/openFrameworks/apps/myApps/EcopunkVideoCollage/assets/shared/media/vecteezy_aerial-view-of-white-sand-beach-and-water-surface-texture_7536781.mp4
[notice ] TFComposition: pattern -> BSP seed=174448
[notice ] SceneManager: scene "temporal-fields" is now the active owner
[notice ] TwoSceneAcceptance: PASS — [frame 418] §7 media changed during Blob dwell is followed by the next Temporal activation: changedDuringBlob=media.auto.4a618eef canonicalNow=media.auto.4a618eef adapter=media.auto.4a618eef
[notice ] SceneManager: NextScene rejected (transition in progress)
[notice ] TwoSceneAcceptance: PASS — [frame 430] [cycle3_blob_to_temporal] transition Idle -> FadingOut -> Loading -> FadingIn -> Idle (fadeOut=12 loading=1 fadeIn=12)
[notice ] TwoSceneAcceptance: PASS — [frame 490] [cycle3_blob_to_temporal] §7/§12 no stale playhead texture presented while Temporal history is empty (TEMPORAL DOMAIN — observe only, not patched in RT-002): staleFrames=0 reusedPreviousActivationContent=0 canonicalMediaChangedSincePrevious=1
[notice ] SceneManager: PreviousScene accepted: "temporal-fields" -> "blob-region-prototype"
[notice ] SceneManager: NextScene rejected (transition in progress)
[notice ] SceneManager: PreviousScene rejected (transition in progress)
[notice ] SceneManager: NextScene rejected (transition in progress)
[notice ] SceneManager: scene "blob-region-prototype" is now the active owner
[notice ] SceneManager: PreviousScene rejected (transition in progress)
[notice ] TwoSceneAcceptance: PASS — [frame 516] [cycle3_temporal_to_blob] transition Idle -> FadingOut -> Loading -> FadingIn -> Idle (fadeOut=12 loading=1 fadeIn=12)
[notice ] TwoSceneAcceptance: RESOURCE cycle=3 frame=576 residentMB=413 netAllocs=3841 fboAllocs=1 fboSwitchReallocs=0 blobFragScratch=952x604 blobBgScratch=0x0 temporalHistory=65/72 playheads=6 adapterReloads=4 temporalHasMedia=1 textureWarnings=0
[notice ] SceneManager: NextScene accepted: "blob-region-prototype" -> "temporal-fields"
[notice ] SceneManager: NextScene rejected (transition in progress)
[notice ] SceneManager: PreviousScene rejected (transition in progress)
[notice ] SceneManager: PreviousScene rejected (transition in progress)
2026-10-05 22:43:27.074 experience_runtime[45789:636003] video file loaded at 960 x 540 @ 29.970030 fps
[notice ] TimeOffsetVideoBuffer: loadExplicit: loaded /Users/joseconchello/openFrameworks/apps/myApps/EcopunkVideoCollage/assets/shared/media/vecteezy_aerial-view-of-white-sand-beach-and-water-surface-texture_7536781.mp4
[notice ] TFComposition: pattern -> BSP seed=523525
[notice ] SceneManager: scene "temporal-fields" is now the active owner
[notice ] SceneManager: NextScene rejected (transition in progress)
[notice ] TwoSceneAcceptance: PASS — [frame 602] [cycle4_blob_to_temporal] transition Idle -> FadingOut -> Loading -> FadingIn -> Idle (fadeOut=12 loading=1 fadeIn=12)
[notice ] TwoSceneAcceptance: PASS — [frame 662] [cycle4_blob_to_temporal] §7/§12 no stale playhead texture presented while Temporal history is empty (TEMPORAL DOMAIN — observe only, not patched in RT-002): staleFrames=0 reusedPreviousActivationContent=0 canonicalMediaChangedSincePrevious=0
[notice ] SceneManager: PreviousScene accepted: "temporal-fields" -> "blob-region-prototype"
[notice ] SceneManager: NextScene rejected (transition in progress)
[notice ] SceneManager: PreviousScene rejected (transition in progress)
[notice ] SceneManager: NextScene rejected (transition in progress)
[notice ] SceneManager: scene "blob-region-prototype" is now the active owner
[notice ] SceneManager: PreviousScene rejected (transition in progress)
[notice ] TwoSceneAcceptance: PASS — [frame 688] [cycle4_temporal_to_blob] transition Idle -> FadingOut -> Loading -> FadingIn -> Idle (fadeOut=12 loading=1 fadeIn=12)
[notice ] TwoSceneAcceptance: RESOURCE cycle=4 frame=748 residentMB=418 netAllocs=3878 fboAllocs=1 fboSwitchReallocs=0 blobFragScratch=952x604 blobBgScratch=0x0 temporalHistory=69/72 playheads=6 adapterReloads=5 temporalHasMedia=1 textureWarnings=0
[notice ] SceneManager: NextScene accepted: "blob-region-prototype" -> "temporal-fields"
[notice ] SceneManager: NextScene rejected (transition in progress)
[notice ] SceneManager: PreviousScene rejected (transition in progress)
[notice ] SceneManager: PreviousScene rejected (transition in progress)
2026-10-05 22:43:32.872 experience_runtime[45789:636017] video file loaded at 960 x 540 @ 29.970030 fps
[notice ] TimeOffsetVideoBuffer: loadExplicit: loaded /Users/joseconchello/openFrameworks/apps/myApps/EcopunkVideoCollage/assets/shared/media/vecteezy_aerial-view-of-white-sand-beach-and-water-surface-texture_7536781.mp4
[notice ] TFComposition: pattern -> BSP seed=995745
[notice ] SceneManager: scene "temporal-fields" is now the active owner
[notice ] SceneManager: NextScene rejected (transition in progress)
[notice ] TwoSceneAcceptance: PASS — [frame 774] [cycle5_blob_to_temporal] transition Idle -> FadingOut -> Loading -> FadingIn -> Idle (fadeOut=12 loading=1 fadeIn=12)
[notice ] TwoSceneAcceptance: PASS — [frame 834] [cycle5_blob_to_temporal] §7/§12 no stale playhead texture presented while Temporal history is empty (TEMPORAL DOMAIN — observe only, not patched in RT-002): staleFrames=0 reusedPreviousActivationContent=0 canonicalMediaChangedSincePrevious=0
[notice ] SceneManager: PreviousScene accepted: "temporal-fields" -> "blob-region-prototype"
[notice ] SceneManager: NextScene rejected (transition in progress)
[notice ] SceneManager: PreviousScene rejected (transition in progress)
[notice ] SceneManager: NextScene rejected (transition in progress)
[notice ] SceneManager: scene "blob-region-prototype" is now the active owner
[notice ] SceneManager: PreviousScene rejected (transition in progress)
[notice ] TwoSceneAcceptance: PASS — [frame 860] [cycle5_temporal_to_blob] transition Idle -> FadingOut -> Loading -> FadingIn -> Idle (fadeOut=12 loading=1 fadeIn=12)
[notice ] TwoSceneAcceptance: RESOURCE cycle=5 frame=920 residentMB=419 netAllocs=4309 fboAllocs=1 fboSwitchReallocs=0 blobFragScratch=952x604 blobBgScratch=0x0 temporalHistory=69/72 playheads=6 adapterReloads=6 temporalHasMedia=1 textureWarnings=0
[notice ] SceneManager: NextScene accepted: "blob-region-prototype" -> "temporal-fields"
[notice ] SceneManager: NextScene rejected (transition in progress)
[notice ] SceneManager: PreviousScene rejected (transition in progress)
[notice ] SceneManager: PreviousScene rejected (transition in progress)
2026-10-05 22:43:38.668 experience_runtime[45789:635923] video file loaded at 960 x 540 @ 29.970030 fps
[notice ] TimeOffsetVideoBuffer: loadExplicit: loaded /Users/joseconchello/openFrameworks/apps/myApps/EcopunkVideoCollage/assets/shared/media/vecteezy_aerial-view-of-white-sand-beach-and-water-surface-texture_7536781.mp4
[notice ] TFComposition: pattern -> BSP seed=922074
[notice ] SceneManager: scene "temporal-fields" is now the active owner
[notice ] SceneManager: NextScene rejected (transition in progress)
[notice ] TwoSceneAcceptance: PASS — [frame 946] [cycle6_blob_to_temporal] transition Idle -> FadingOut -> Loading -> FadingIn -> Idle (fadeOut=12 loading=1 fadeIn=12)
[notice ] TwoSceneAcceptance: PASS — [frame 1006] [cycle6_blob_to_temporal] §7/§12 no stale playhead texture presented while Temporal history is empty (TEMPORAL DOMAIN — observe only, not patched in RT-002): staleFrames=0 reusedPreviousActivationContent=0 canonicalMediaChangedSincePrevious=0
[notice ] SceneManager: PreviousScene accepted: "temporal-fields" -> "blob-region-prototype"
[notice ] SceneManager: NextScene rejected (transition in progress)
[notice ] SceneManager: PreviousScene rejected (transition in progress)
[notice ] SceneManager: NextScene rejected (transition in progress)
[notice ] SceneManager: scene "blob-region-prototype" is now the active owner
[notice ] SceneManager: PreviousScene rejected (transition in progress)
[notice ] TwoSceneAcceptance: PASS — [frame 1032] [cycle6_temporal_to_blob] transition Idle -> FadingOut -> Loading -> FadingIn -> Idle (fadeOut=12 loading=1 fadeIn=12)
[notice ] TwoSceneAcceptance: RESOURCE cycle=6 frame=1092 residentMB=419 netAllocs=4376 fboAllocs=1 fboSwitchReallocs=0 blobFragScratch=952x604 blobBgScratch=0x0 temporalHistory=69/72 playheads=6 adapterReloads=7 temporalHasMedia=1 textureWarnings=0
[notice ] SceneManager: NextScene accepted: "blob-region-prototype" -> "temporal-fields"
[notice ] SceneManager: NextScene rejected (transition in progress)
[notice ] SceneManager: PreviousScene rejected (transition in progress)
[notice ] SceneManager: PreviousScene rejected (transition in progress)
2026-10-05 22:43:44.466 experience_runtime[45789:636013] video file loaded at 960 x 540 @ 29.970030 fps
[notice ] TimeOffsetVideoBuffer: loadExplicit: loaded /Users/joseconchello/openFrameworks/apps/myApps/EcopunkVideoCollage/assets/shared/media/vecteezy_aerial-view-of-white-sand-beach-and-water-surface-texture_7536781.mp4
[notice ] TFComposition: pattern -> BSP seed=806439
[notice ] SceneManager: scene "temporal-fields" is now the active owner
[notice ] SceneManager: NextScene rejected (transition in progress)
[notice ] TwoSceneAcceptance: PASS — [frame 1118] [cycle7_blob_to_temporal] transition Idle -> FadingOut -> Loading -> FadingIn -> Idle (fadeOut=12 loading=1 fadeIn=12)
[notice ] TwoSceneAcceptance: PASS — [frame 1178] [cycle7_blob_to_temporal] §7/§12 no stale playhead texture presented while Temporal history is empty (TEMPORAL DOMAIN — observe only, not patched in RT-002): staleFrames=0 reusedPreviousActivationContent=0 canonicalMediaChangedSincePrevious=0
[notice ] SceneManager: PreviousScene accepted: "temporal-fields" -> "blob-region-prototype"
[notice ] SceneManager: NextScene rejected (transition in progress)
[notice ] SceneManager: PreviousScene rejected (transition in progress)
[notice ] SceneManager: NextScene rejected (transition in progress)
[notice ] SceneManager: scene "blob-region-prototype" is now the active owner
[notice ] SceneManager: PreviousScene rejected (transition in progress)
[notice ] TwoSceneAcceptance: PASS — [frame 1204] [cycle7_temporal_to_blob] transition Idle -> FadingOut -> Loading -> FadingIn -> Idle (fadeOut=12 loading=1 fadeIn=12)
[notice ] TwoSceneAcceptance: RESOURCE cycle=7 frame=1264 residentMB=418 netAllocs=4361 fboAllocs=1 fboSwitchReallocs=0 blobFragScratch=952x604 blobBgScratch=0x0 temporalHistory=69/72 playheads=6 adapterReloads=8 temporalHasMedia=1 textureWarnings=0
[notice ] SceneManager: NextScene accepted: "blob-region-prototype" -> "temporal-fields"
[notice ] SceneManager: NextScene rejected (transition in progress)
[notice ] SceneManager: PreviousScene rejected (transition in progress)
[notice ] SceneManager: PreviousScene rejected (transition in progress)
2026-10-05 22:43:50.265 experience_runtime[45789:636015] video file loaded at 960 x 540 @ 29.970030 fps
[notice ] TimeOffsetVideoBuffer: loadExplicit: loaded /Users/joseconchello/openFrameworks/apps/myApps/EcopunkVideoCollage/assets/shared/media/vecteezy_aerial-view-of-white-sand-beach-and-water-surface-texture_7536781.mp4
[notice ] TFComposition: pattern -> BSP seed=774143
[notice ] SceneManager: scene "temporal-fields" is now the active owner
[notice ] SceneManager: NextScene rejected (transition in progress)
[notice ] TwoSceneAcceptance: PASS — [frame 1290] [cycle8_blob_to_temporal] transition Idle -> FadingOut -> Loading -> FadingIn -> Idle (fadeOut=12 loading=1 fadeIn=12)
[notice ] TwoSceneAcceptance: PASS — [frame 1350] [cycle8_blob_to_temporal] §7/§12 no stale playhead texture presented while Temporal history is empty (TEMPORAL DOMAIN — observe only, not patched in RT-002): staleFrames=0 reusedPreviousActivationContent=0 canonicalMediaChangedSincePrevious=0
[notice ] SceneManager: PreviousScene accepted: "temporal-fields" -> "blob-region-prototype"
[notice ] SceneManager: NextScene rejected (transition in progress)
[notice ] SceneManager: PreviousScene rejected (transition in progress)
[notice ] SceneManager: NextScene rejected (transition in progress)
[notice ] SceneManager: scene "blob-region-prototype" is now the active owner
[notice ] SceneManager: PreviousScene rejected (transition in progress)
2026-10-05 22:43:53.402 experience_runtime[45789:636283] video file loaded at 960 x 540 @ 24.000000 fps
[notice ] TwoSceneAcceptance: MEDIA canonical selection changed at frame 1371 (active=blob-region-prototype): media.auto.4a618eef -> media.auto.715cfe74
[notice ] TwoSceneAcceptance: PASS — [frame 1376] [cycle8_temporal_to_blob] transition Idle -> FadingOut -> Loading -> FadingIn -> Idle (fadeOut=12 loading=1 fadeIn=12)
[notice ] TwoSceneAcceptance: RESOURCE cycle=8 frame=1436 residentMB=418 netAllocs=4437 fboAllocs=1 fboSwitchReallocs=0 blobFragScratch=952x604 blobBgScratch=0x0 temporalHistory=69/72 playheads=6 adapterReloads=9 temporalHasMedia=1 textureWarnings=0
[notice ] SceneManager: NextScene accepted: "blob-region-prototype" -> "temporal-fields"
[notice ] SceneManager: NextScene rejected (transition in progress)
[notice ] SceneManager: PreviousScene rejected (transition in progress)
[notice ] SceneManager: PreviousScene rejected (transition in progress)
2026-10-05 22:43:56.062 experience_runtime[45789:636018] video file loaded at 960 x 540 @ 24.000000 fps
[notice ] TimeOffsetVideoBuffer: loadExplicit: loaded /Users/joseconchello/openFrameworks/apps/myApps/EcopunkVideoCollage/assets/shared/media/2025-06-23T20-39-31__bolt_cam__roll_left.mp4
[notice ] TFComposition: pattern -> BSP seed=750698
[notice ] SceneManager: scene "temporal-fields" is now the active owner
[notice ] SceneManager: NextScene rejected (transition in progress)
[notice ] TwoSceneAcceptance: PASS — [frame 1462] [cycle9_blob_to_temporal] transition Idle -> FadingOut -> Loading -> FadingIn -> Idle (fadeOut=12 loading=1 fadeIn=12)
[notice ] TwoSceneAcceptance: PASS — [frame 1522] [cycle9_blob_to_temporal] §7/§12 no stale playhead texture presented while Temporal history is empty (TEMPORAL DOMAIN — observe only, not patched in RT-002): staleFrames=0 reusedPreviousActivationContent=0 canonicalMediaChangedSincePrevious=1
[notice ] SceneManager: PreviousScene accepted: "temporal-fields" -> "blob-region-prototype"
[notice ] SceneManager: NextScene rejected (transition in progress)
[notice ] SceneManager: PreviousScene rejected (transition in progress)
[notice ] SceneManager: NextScene rejected (transition in progress)
[notice ] SceneManager: scene "blob-region-prototype" is now the active owner
[notice ] SceneManager: PreviousScene rejected (transition in progress)
[notice ] VideoRegionEffectRenderer: scratch FBOs (re)allocated to 952x636
[notice ] TwoSceneAcceptance: PASS — [frame 1548] [cycle9_temporal_to_blob] transition Idle -> FadingOut -> Loading -> FadingIn -> Idle (fadeOut=12 loading=1 fadeIn=12)
[notice ] TwoSceneAcceptance: RESOURCE cycle=9 frame=1608 residentMB=420 netAllocs=4708 fboAllocs=1 fboSwitchReallocs=0 blobFragScratch=952x636 blobBgScratch=0x0 temporalHistory=68/72 playheads=6 adapterReloads=10 temporalHasMedia=1 textureWarnings=0
[notice ] SceneManager: NextScene accepted: "blob-region-prototype" -> "temporal-fields"
[notice ] SceneManager: NextScene rejected (transition in progress)
[notice ] SceneManager: PreviousScene rejected (transition in progress)
[notice ] SceneManager: PreviousScene rejected (transition in progress)
2026-10-05 22:44:01.867 experience_runtime[45789:635874] video file loaded at 960 x 540 @ 24.000000 fps
[notice ] TimeOffsetVideoBuffer: loadExplicit: loaded /Users/joseconchello/openFrameworks/apps/myApps/EcopunkVideoCollage/assets/shared/media/2025-06-23T20-39-31__bolt_cam__roll_left.mp4
[notice ] TFComposition: pattern -> BSP seed=181232
[notice ] SceneManager: scene "temporal-fields" is now the active owner
[notice ] SceneManager: NextScene rejected (transition in progress)
[notice ] TwoSceneAcceptance: PASS — [frame 1634] [cycle10_blob_to_temporal] transition Idle -> FadingOut -> Loading -> FadingIn -> Idle (fadeOut=12 loading=1 fadeIn=12)
2026-10-05 22:44:23.530 experience_runtime[45789:636013] video file loaded at 960 x 540 @ 24.000000 fps
[notice ] TwoSceneAcceptance: MEDIA canonical selection changed at frame 2272 (active=temporal-fields): media.auto.715cfe74 -> media.auto.e20beffd
2026-10-05 22:44:23.559 experience_runtime[45789:636014] video file loaded at 960 x 540 @ 24.000000 fps
[notice ] TimeOffsetVideoBuffer: loadExplicit: loaded /Users/joseconchello/openFrameworks/apps/myApps/EcopunkVideoCollage/assets/shared/media/2025-06-23T18-36-52_orbit_left_make_the.mp4
2026-10-05 22:44:53.567 experience_runtime[45789:636061] video file loaded at 960 x 540 @ 29.970030 fps
[notice ] TwoSceneAcceptance: MEDIA canonical selection changed at frame 3173 (active=temporal-fields): media.auto.e20beffd -> media.auto.1a8db9c7
2026-10-05 22:44:53.594 experience_runtime[45789:636003] video file loaded at 960 x 540 @ 29.970030 fps
[notice ] TimeOffsetVideoBuffer: loadExplicit: loaded /Users/joseconchello/openFrameworks/apps/myApps/EcopunkVideoCollage/assets/shared/media/nature-path-in-lined-with-trees-in-forest.mp4
2026-10-05 22:45:23.606 experience_runtime[45789:636283] video file loaded at 960 x 540 @ 24.000000 fps
[notice ] TwoSceneAcceptance: MEDIA canonical selection changed at frame 4074 (active=temporal-fields): media.auto.1a8db9c7 -> media.auto.96a08d04
2026-10-05 22:45:23.642 experience_runtime[45789:635923] video file loaded at 960 x 540 @ 24.000000 fps
[notice ] TimeOffsetVideoBuffer: loadExplicit: loaded /Users/joseconchello/openFrameworks/apps/myApps/EcopunkVideoCollage/assets/shared/media/ ElectricLightning Storm (time lapse) - water hydro atmosphere sky.mp4
[notice ] TFComposition: pattern -> BLOB_GRID seed=586127
[notice ] TwoSceneAcceptance: PATTERN natural change #1 at frame 4322: type 0 -> 1 (observed 0 PATTERN_TRANSITION frames observed before this frame; transition length is logged when the phase ends)
[notice ] TwoSceneAcceptance: PATTERN_TRANSITION ended at frame 4323 after 1 frames (max progress~0.00)
2026-10-05 22:45:53.631 experience_runtime[45789:636018] video file loaded at 960 x 540 @ 30.000000 fps
[notice ] TwoSceneAcceptance: MEDIA canonical selection changed at frame 4975 (active=temporal-fields): media.auto.96a08d04 -> media.auto.e8a7768a
2026-10-05 22:45:53.661 experience_runtime[45789:636013] video file loaded at 960 x 540 @ 30.000000 fps
[notice ] TimeOffsetVideoBuffer: loadExplicit: loaded /Users/joseconchello/openFrameworks/apps/myApps/EcopunkVideoCollage/assets/shared/media/vecteezy_slow-motion-rain-background_29105578.mp4
2026-10-05 22:46:23.725 experience_runtime[45789:636017] video file loaded at 960 x 540 @ 30.000002 fps
[notice ] TwoSceneAcceptance: MEDIA canonical selection changed at frame 5876 (active=temporal-fields): media.auto.e8a7768a -> media.auto.479b063e
2026-10-05 22:46:23.765 experience_runtime[45789:635898] video file loaded at 960 x 540 @ 30.000002 fps
[notice ] TimeOffsetVideoBuffer: loadExplicit: loaded /Users/joseconchello/openFrameworks/apps/myApps/EcopunkVideoCollage/assets/shared/media/vecteezy_burning-bonfire-in-nature-burning-firewood-slow-motion_39404124.mp4
2026-10-05 22:46:53.701 experience_runtime[45789:638806] video file loaded at 960 x 540 @ 23.976025 fps
[notice ] TwoSceneAcceptance: MEDIA canonical selection changed at frame 6777 (active=temporal-fields): media.auto.479b063e -> media.auto.cba6721d
2026-10-05 22:46:53.739 experience_runtime[45789:635892] video file loaded at 960 x 540 @ 23.976025 fps
[notice ] TimeOffsetVideoBuffer: loadExplicit: loaded /Users/joseconchello/openFrameworks/apps/myApps/EcopunkVideoCollage/assets/shared/media/vecteezy_arashiyama-bamboo-grove-which-is-a-natural-forest-of-bamboo_12932507.mp4
[notice ] TFComposition: pattern -> BANDS seed=911483
[notice ] TwoSceneAcceptance: PATTERN natural change #2 at frame 7024: type 1 -> 2 (observed 0 PATTERN_TRANSITION frames observed before this frame; transition length is logged when the phase ends)
[notice ] TwoSceneAcceptance: PATTERN_TRANSITION ended at frame 7025 after 1 frames (max progress~0.00)
2026-10-05 22:47:23.732 experience_runtime[45789:636018] video file loaded at 960 x 540 @ 24.000000 fps
[notice ] TwoSceneAcceptance: MEDIA canonical selection changed at frame 7678 (active=temporal-fields): media.auto.cba6721d -> media.auto.5c185454
2026-10-05 22:47:23.762 experience_runtime[45789:636018] video file loaded at 960 x 540 @ 24.000000 fps
[notice ] TimeOffsetVideoBuffer: loadExplicit: loaded /Users/joseconchello/openFrameworks/apps/myApps/EcopunkVideoCollage/assets/shared/media/vecteezy_ladybug-among-plants-in-green-nature_23796343.mp4
[notice ] SceneManager: NextScene accepted: "temporal-fields" -> "blob-region-prototype"
[notice ] TwoSceneAcceptance: FAIL — [frame 8017] dwell stays Idle (no surprise switch): FadingOut
[notice ] TwoSceneAcceptance: FAIL — [frame 8018] dwell stays Idle (no surprise switch): FadingOut
[notice ] TwoSceneAcceptance: FAIL — [frame 8019] dwell stays Idle (no surprise switch): FadingOut
[notice ] TwoSceneAcceptance: FAIL — [frame 8020] dwell stays Idle (no surprise switch): FadingOut
[notice ] TwoSceneAcceptance: FAIL — [frame 8021] dwell stays Idle (no surprise switch): FadingOut
[notice ] TwoSceneAcceptance: FAIL — [frame 8022] dwell stays Idle (no surprise switch): FadingOut
[notice ] TwoSceneAcceptance: FAIL — [frame 8023] dwell stays Idle (no surprise switch): FadingOut
[notice ] TwoSceneAcceptance: FAIL — [frame 8024] dwell stays Idle (no surprise switch): FadingOut
[notice ] TwoSceneAcceptance: FAIL — [frame 8025] dwell stays Idle (no surprise switch): FadingOut
[notice ] TwoSceneAcceptance: FAIL — [frame 8026] dwell stays Idle (no surprise switch): FadingOut
[notice ] TwoSceneAcceptance: FAIL — [frame 8027] dwell stays Idle (no surprise switch): FadingOut
[notice ] TwoSceneAcceptance: FAIL — [frame 8028] dwell stays Idle (no surprise switch): FadingOut
[notice ] TwoSceneAcceptance: FAIL — [frame 8029] dwell stays Idle (no surprise switch): Loading
[notice ] SceneManager: scene "blob-region-prototype" is now the active owner
[notice ] TwoSceneAcceptance: FAIL — [frame 8030] dwell stays Idle (no surprise switch): FadingIn
[notice ] TwoSceneAcceptance: FAIL — [frame 8031] dwell stays Idle (no surprise switch): FadingIn
[notice ] TwoSceneAcceptance: FAIL — [frame 8032] dwell stays Idle (no surprise switch): FadingIn
[notice ] TwoSceneAcceptance: FAIL — [frame 8033] dwell stays Idle (no surprise switch): FadingIn
[notice ] TwoSceneAcceptance: FAIL — [frame 8034] dwell stays Idle (no surprise switch): FadingIn
[notice ] TwoSceneAcceptance: FAIL — [frame 8035] dwell stays Idle (no surprise switch): FadingIn
[notice ] TwoSceneAcceptance: FAIL — [frame 8036] dwell stays Idle (no surprise switch): FadingIn
[notice ] TwoSceneAcceptance: FAIL — [frame 8037] dwell stays Idle (no surprise switch): FadingIn
[notice ] TwoSceneAcceptance: FAIL — [frame 8038] dwell stays Idle (no surprise switch): FadingIn
[notice ] TwoSceneAcceptance: FAIL — [frame 8039] dwell stays Idle (no surprise switch): FadingIn
[notice ] TwoSceneAcceptance: FAIL — [frame 8040] dwell stays Idle (no surprise switch): FadingIn
[notice ] TwoSceneAcceptance: FAIL — [frame 8041] dwell stays Idle (no surprise switch): FadingIn
[notice ] SceneManager: NextScene accepted: "blob-region-prototype" -> "temporal-fields"
[notice ] TwoSceneAcceptance: FAIL — [frame 8110] dwell stays Idle (no surprise switch): FadingOut
[notice ] TwoSceneAcceptance: FAIL — [frame 8111] dwell stays Idle (no surprise switch): FadingOut
[notice ] TwoSceneAcceptance: FAIL — [frame 8112] dwell stays Idle (no surprise switch): FadingOut
[notice ] TwoSceneAcceptance: FAIL — [frame 8113] dwell stays Idle (no surprise switch): FadingOut
[notice ] TwoSceneAcceptance: FAIL — [frame 8114] dwell stays Idle (no surprise switch): FadingOut
[notice ] TwoSceneAcceptance: FAIL — [frame 8115] dwell stays Idle (no surprise switch): FadingOut
[notice ] TwoSceneAcceptance: FAIL — [frame 8116] dwell stays Idle (no surprise switch): FadingOut
[notice ] TwoSceneAcceptance: FAIL — [frame 8117] dwell stays Idle (no surprise switch): FadingOut
[notice ] TwoSceneAcceptance: FAIL — [frame 8118] dwell stays Idle (no surprise switch): FadingOut
[notice ] TwoSceneAcceptance: FAIL — [frame 8119] dwell stays Idle (no surprise switch): FadingOut
[notice ] TwoSceneAcceptance: FAIL — [frame 8120] dwell stays Idle (no surprise switch): FadingOut
[notice ] TwoSceneAcceptance: FAIL — [frame 8121] dwell stays Idle (no surprise switch): FadingOut
[notice ] TwoSceneAcceptance: FAIL — [frame 8122] dwell stays Idle (no surprise switch): Loading
2026-10-05 22:47:38.562 experience_runtime[45789:635874] video file loaded at 960 x 540 @ 24.000000 fps
[notice ] TimeOffsetVideoBuffer: loadExplicit: loaded /Users/joseconchello/openFrameworks/apps/myApps/EcopunkVideoCollage/assets/shared/media/vecteezy_ladybug-among-plants-in-green-nature_23796343.mp4
[notice ] TFComposition: pattern -> BSP seed=6828
[notice ] SceneManager: scene "temporal-fields" is now the active owner
[notice ] TwoSceneAcceptance: PATTERN natural change #3 at frame 8123: type 2 -> 0 (observed 0 PATTERN_TRANSITION frames observed before this frame; transition length is logged when the phase ends)
[notice ] TwoSceneAcceptance: FAIL — [frame 8123] dwell stays Idle (no surprise switch): FadingIn
[notice ] TwoSceneAcceptance: FAIL — [frame 8124] dwell stays Idle (no surprise switch): FadingIn
[notice ] TwoSceneAcceptance: FAIL — [frame 8125] dwell stays Idle (no surprise switch): FadingIn
[notice ] TwoSceneAcceptance: FAIL — [frame 8126] dwell stays Idle (no surprise switch): FadingIn
[notice ] TwoSceneAcceptance: FAIL — [frame 8127] dwell stays Idle (no surprise switch): FadingIn
[notice ] TwoSceneAcceptance: FAIL — [frame 8128] dwell stays Idle (no surprise switch): FadingIn
[notice ] TwoSceneAcceptance: FAIL — [frame 8129] dwell stays Idle (no surprise switch): FadingIn
[notice ] TwoSceneAcceptance: FAIL — [frame 8130] dwell stays Idle (no surprise switch): FadingIn
[notice ] TwoSceneAcceptance: FAIL — [frame 8131] dwell stays Idle (no surprise switch): FadingIn
[notice ] TwoSceneAcceptance: FAIL — [frame 8132] dwell stays Idle (no surprise switch): FadingIn
[notice ] TwoSceneAcceptance: FAIL — [frame 8133] dwell stays Idle (no surprise switch): FadingIn
[notice ] TwoSceneAcceptance: FAIL — [frame 8134] dwell stays Idle (no surprise switch): FadingIn
2026-10-05 22:47:53.764 experience_runtime[45789:635923] video file loaded at 960 x 540 @ 30.000000 fps
[notice ] TwoSceneAcceptance: MEDIA canonical selection changed at frame 8579 (active=temporal-fields): media.auto.5c185454 -> media.auto.dfe053fb
2026-10-05 22:47:53.793 experience_runtime[45789:635923] video file loaded at 960 x 540 @ 30.000000 fps
[notice ] TimeOffsetVideoBuffer: loadExplicit: loaded /Users/joseconchello/openFrameworks/apps/myApps/EcopunkVideoCollage/assets/shared/media/vecteezy_closeup-and-moving-slowly-over-lush-foliage-fern-near-the_42675446.mp4
2026-10-05 22:48:23.797 experience_runtime[45789:636003] video file loaded at 960 x 540 @ 29.970032 fps
[notice ] TwoSceneAcceptance: MEDIA canonical selection changed at frame 9480 (active=temporal-fields): media.auto.dfe053fb -> media.auto.65b7fdf1
2026-10-05 22:48:23.828 experience_runtime[45789:635874] video file loaded at 960 x 540 @ 29.970032 fps
[notice ] TimeOffsetVideoBuffer: loadExplicit: loaded /Users/joseconchello/openFrameworks/apps/myApps/EcopunkVideoCollage/assets/shared/media/vecteezy_bottom-up-view-of-lush-foliage-big-trees-with-blue-sky_36250205.mp4
2026-10-05 22:48:53.832 experience_runtime[45789:635892] video file loaded at 960 x 540 @ 24.000000 fps
[notice ] TwoSceneAcceptance: MEDIA canonical selection changed at frame 10381 (active=temporal-fields): media.auto.65b7fdf1 -> media.auto.1f0329b7
2026-10-05 22:48:53.859 experience_runtime[45789:636013] video file loaded at 960 x 540 @ 24.000000 fps
[notice ] TimeOffsetVideoBuffer: loadExplicit: loaded /Users/joseconchello/openFrameworks/apps/myApps/EcopunkVideoCollage/assets/shared/media/2025-06-23T18-22-21_the_flower_is.mp4
[notice ] TFComposition: pattern -> BLOB_GRID seed=305270
[notice ] TwoSceneAcceptance: PATTERN natural change #4 at frame 10823: type 0 -> 1 (observed 0 PATTERN_TRANSITION frames observed before this frame; transition length is logged when the phase ends)
[notice ] TwoSceneAcceptance: MID-TFFRAGMENTTRANSITION frame=10831 active=temporal-fields patternType=1 semanticState=scene.temporal.state.transitioning phaseElapsed=0.267s progress~0.33 sceneFbo=1280x720 windowViewport=1280x720 framebuffer=0 hudProfile=temporal-fields hudBindings=19 hudDraws=10831 hudGeometry=54v [25.6,115.2]-[793.6,619.2] gl={scissor=0 stencil=0 program=0 tex2D=0 fbo=0 | blend=1/770/771 viewport=0,0,1280x720 mv=1.00,0.00,-0.00,0.00,-0.00,1.00,-0.00,0.00,0.00,0.00,1.00,0.00,-640.00,-360.00,-623.54,1.00, style=1/1/1/1,1,1,1}
[notice ] TwoSceneAcceptance: PASS — [frame 10831] §11 mid-TFFragmentTransition captured under ExperienceRuntime: Temporal active, HUD geometry unchanged, no scissor/shader/texture/framebuffer leak, viewport correct: progress~0.33
[notice ] TwoSceneAcceptance: PASS — [frame 10831] §11 mid-transition: no stale Blob content (scene FBO differs from last Blob static frame)
[notice ] TwoSceneAcceptance: captured captures/rt002_mid_tffragmenttransition.png (1280x720 window)
[notice ] TwoSceneAcceptance: PASS — [frame 10831] §11 frame after mid-TFFragmentTransition valid (texture, GL/FBO baseline, HUD geometry): scissor=0 stencil=0 program=0 tex2D=0 fbo=0 | blend=1/770/771 viewport=0,0,1280x720 mv=1.00,0.00,-0.00,0.00,-0.00,1.00,-0.00,0.00,0.00,0.00,1.00,0.00,-640.00,-360.00,-623.54,1.00, style=1/1/1/1,1,1,1
[notice ] TwoSceneAcceptance: PATTERN_TRANSITION ended at frame 10832 after 9 frames (max progress~0.33)
[notice ] TwoSceneAcceptance: FAIL — [frame 10832] [cycle10_blob_to_temporal] §2 no inactive updates/draws/status pulls for blob-region-prototype across transition + dwell
[notice ] TwoSceneAcceptance: PASS — [frame 10832] §11 natural mid-TFFragmentTransition captured during the extended cycle-10 Temporal activation: dwellFrames=9198 naturalPatternChanges=4
[notice ] TwoSceneAcceptance: PASS — [frame 10832] [cycle10_blob_to_temporal] §7/§12 no stale playhead texture presented while Temporal history is empty (TEMPORAL DOMAIN — observe only, not patched in RT-002): staleFrames=0 reusedPreviousActivationContent=0 canonicalMediaChangedSincePrevious=0
[notice ] SceneManager: PreviousScene accepted: "temporal-fields" -> "blob-region-prototype"
[notice ] SceneManager: NextScene rejected (transition in progress)
[notice ] SceneManager: PreviousScene rejected (transition in progress)
[notice ] SceneManager: NextScene rejected (transition in progress)
[notice ] SceneManager: scene "blob-region-prototype" is now the active owner
[notice ] SceneManager: PreviousScene rejected (transition in progress)
[notice ] TwoSceneAcceptance: PASS — [frame 10858] [cycle10_temporal_to_blob] transition Idle -> FadingOut -> Loading -> FadingIn -> Idle (fadeOut=12 loading=1 fadeIn=12)
[notice ] TwoSceneAcceptance: RESOURCE cycle=10 frame=10918 residentMB=268 netAllocs=7438 fboAllocs=1 fboSwitchReallocs=0 blobFragScratch=952x636 blobBgScratch=0x0 temporalHistory=72/72 playheads=6 adapterReloads=22 temporalHasMedia=1 textureWarnings=0
[notice ] SceneManager: NextScene accepted: "blob-region-prototype" -> "temporal-fields"
[notice ] SceneManager: NextScene rejected (transition in progress)
[notice ] SceneManager: PreviousScene rejected (transition in progress)
[notice ] SceneManager: PreviousScene rejected (transition in progress)
2026-10-05 22:49:12.263 experience_runtime[45789:641567] video file loaded at 960 x 540 @ 24.000000 fps
[notice ] TimeOffsetVideoBuffer: loadExplicit: loaded /Users/joseconchello/openFrameworks/apps/myApps/EcopunkVideoCollage/assets/shared/media/2025-06-23T18-22-21_the_flower_is.mp4
[notice ] TFComposition: pattern -> BSP seed=816426
[notice ] SceneManager: scene "temporal-fields" is now the active owner
[notice ] SceneManager: NextScene rejected (transition in progress)
[notice ] TwoSceneAcceptance: PASS — [frame 10944] [cycle11_blob_to_temporal] transition Idle -> FadingOut -> Loading -> FadingIn -> Idle (fadeOut=12 loading=1 fadeIn=12)
[notice ] TwoSceneAcceptance: PASS — [frame 11004] [cycle11_blob_to_temporal] §7/§12 no stale playhead texture presented while Temporal history is empty (TEMPORAL DOMAIN — observe only, not patched in RT-002): staleFrames=0 reusedPreviousActivationContent=0 canonicalMediaChangedSincePrevious=0
[notice ] SceneManager: PreviousScene accepted: "temporal-fields" -> "blob-region-prototype"
[notice ] SceneManager: NextScene rejected (transition in progress)
[notice ] SceneManager: PreviousScene rejected (transition in progress)
[notice ] SceneManager: NextScene rejected (transition in progress)
[notice ] SceneManager: scene "blob-region-prototype" is now the active owner
[notice ] SceneManager: PreviousScene rejected (transition in progress)
[notice ] TwoSceneAcceptance: PASS — [frame 11030] [cycle11_temporal_to_blob] transition Idle -> FadingOut -> Loading -> FadingIn -> Idle (fadeOut=12 loading=1 fadeIn=12)
[notice ] TwoSceneAcceptance: RESOURCE cycle=11 frame=11090 residentMB=242 netAllocs=7237 fboAllocs=1 fboSwitchReallocs=0 blobFragScratch=952x636 blobBgScratch=0x0 temporalHistory=69/72 playheads=6 adapterReloads=23 temporalHasMedia=1 textureWarnings=0
[notice ] SceneManager: NextScene accepted: "blob-region-prototype" -> "temporal-fields"
[notice ] SceneManager: NextScene rejected (transition in progress)
[notice ] SceneManager: PreviousScene rejected (transition in progress)
[notice ] SceneManager: PreviousScene rejected (transition in progress)
2026-10-05 22:49:18.060 experience_runtime[45789:636013] video file loaded at 960 x 540 @ 24.000000 fps
[notice ] TimeOffsetVideoBuffer: loadExplicit: loaded /Users/joseconchello/openFrameworks/apps/myApps/EcopunkVideoCollage/assets/shared/media/2025-06-23T18-22-21_the_flower_is.mp4
[notice ] TFComposition: pattern -> BSP seed=544879
[notice ] SceneManager: scene "temporal-fields" is now the active owner
[notice ] SceneManager: NextScene rejected (transition in progress)
[notice ] TwoSceneAcceptance: PASS — [frame 11116] [cycle12_blob_to_temporal] transition Idle -> FadingOut -> Loading -> FadingIn -> Idle (fadeOut=12 loading=1 fadeIn=12)
[notice ] TwoSceneAcceptance: PASS — [frame 11176] [cycle12_blob_to_temporal] §7/§12 no stale playhead texture presented while Temporal history is empty (TEMPORAL DOMAIN — observe only, not patched in RT-002): staleFrames=0 reusedPreviousActivationContent=0 canonicalMediaChangedSincePrevious=0
[notice ] SceneManager: PreviousScene accepted: "temporal-fields" -> "blob-region-prototype"
[notice ] SceneManager: NextScene rejected (transition in progress)
[notice ] SceneManager: PreviousScene rejected (transition in progress)
[notice ] SceneManager: NextScene rejected (transition in progress)
[notice ] SceneManager: scene "blob-region-prototype" is now the active owner
[notice ] SceneManager: PreviousScene rejected (transition in progress)
[notice ] TwoSceneAcceptance: PASS — [frame 11202] [cycle12_temporal_to_blob] transition Idle -> FadingOut -> Loading -> FadingIn -> Idle (fadeOut=12 loading=1 fadeIn=12)
[notice ] TwoSceneAcceptance: RESOURCE cycle=12 frame=11262 residentMB=239 netAllocs=7144 fboAllocs=1 fboSwitchReallocs=0 blobFragScratch=952x636 blobBgScratch=0x0 temporalHistory=69/72 playheads=6 adapterReloads=24 temporalHasMedia=1 textureWarnings=0
[notice ] SceneManager: NextScene accepted: "blob-region-prototype" -> "temporal-fields"
[notice ] SceneManager: NextScene rejected (transition in progress)
[notice ] SceneManager: PreviousScene rejected (transition in progress)
[notice ] SceneManager: PreviousScene rejected (transition in progress)
2026-10-05 22:49:23.858 experience_runtime[45789:635875] video file loaded at 960 x 540 @ 24.000000 fps
[notice ] TimeOffsetVideoBuffer: loadExplicit: loaded /Users/joseconchello/openFrameworks/apps/myApps/EcopunkVideoCollage/assets/shared/media/2025-06-23T18-22-21_the_flower_is.mp4
[notice ] TFComposition: pattern -> BSP seed=423337
[notice ] SceneManager: scene "temporal-fields" is now the active owner
[notice ] SceneManager: NextScene rejected (transition in progress)
2026-10-05 22:49:24.132 experience_runtime[45789:636018] video file loaded at 960 x 540 @ 29.970030 fps
[notice ] TwoSceneAcceptance: MEDIA canonical selection changed at frame 11284 (active=temporal-fields): media.auto.1f0329b7 -> media.auto.40fd74a2
2026-10-05 22:49:24.159 experience_runtime[45789:643888] video file loaded at 960 x 540 @ 29.970030 fps
[notice ] TimeOffsetVideoBuffer: loadExplicit: loaded /Users/joseconchello/openFrameworks/apps/myApps/EcopunkVideoCollage/assets/shared/media/vecteezy_a-flight-over-the-mountain-peaks_2019454.mp4
[notice ] TwoSceneAcceptance: PASS — [frame 11288] [cycle13_blob_to_temporal] transition Idle -> FadingOut -> Loading -> FadingIn -> Idle (fadeOut=12 loading=1 fadeIn=12)
[notice ] TwoSceneAcceptance: PASS — [frame 11348] [cycle13_blob_to_temporal] §7/§12 no stale playhead texture presented while Temporal history is empty (TEMPORAL DOMAIN — observe only, not patched in RT-002): staleFrames=0 reusedPreviousActivationContent=0 canonicalMediaChangedSincePrevious=0
[notice ] SceneManager: PreviousScene accepted: "temporal-fields" -> "blob-region-prototype"
[notice ] SceneManager: NextScene rejected (transition in progress)
[notice ] SceneManager: PreviousScene rejected (transition in progress)
[notice ] SceneManager: NextScene rejected (transition in progress)
[notice ] SceneManager: scene "blob-region-prototype" is now the active owner
[notice ] SceneManager: PreviousScene rejected (transition in progress)
[notice ] TwoSceneAcceptance: PASS — [frame 11374] [cycle13_temporal_to_blob] transition Idle -> FadingOut -> Loading -> FadingIn -> Idle (fadeOut=12 loading=1 fadeIn=12)
[notice ] TwoSceneAcceptance: RESOURCE cycle=13 frame=11434 residentMB=250 netAllocs=7227 fboAllocs=1 fboSwitchReallocs=0 blobFragScratch=952x636 blobBgScratch=0x0 temporalHistory=60/72 playheads=6 adapterReloads=26 temporalHasMedia=1 textureWarnings=0
[notice ] SceneManager: NextScene accepted: "blob-region-prototype" -> "temporal-fields"
[notice ] SceneManager: NextScene rejected (transition in progress)
[notice ] SceneManager: PreviousScene rejected (transition in progress)
[notice ] SceneManager: PreviousScene rejected (transition in progress)
2026-10-05 22:49:29.668 experience_runtime[45789:635898] video file loaded at 960 x 540 @ 29.970030 fps
[notice ] TimeOffsetVideoBuffer: loadExplicit: loaded /Users/joseconchello/openFrameworks/apps/myApps/EcopunkVideoCollage/assets/shared/media/vecteezy_a-flight-over-the-mountain-peaks_2019454.mp4
[notice ] TFComposition: pattern -> BSP seed=841267
[notice ] SceneManager: scene "temporal-fields" is now the active owner
[notice ] SceneManager: NextScene rejected (transition in progress)
[notice ] TwoSceneAcceptance: PASS — [frame 11460] [cycle14_blob_to_temporal] transition Idle -> FadingOut -> Loading -> FadingIn -> Idle (fadeOut=12 loading=1 fadeIn=12)
[notice ] TwoSceneAcceptance: PASS — [frame 11520] [cycle14_blob_to_temporal] §7/§12 no stale playhead texture presented while Temporal history is empty (TEMPORAL DOMAIN — observe only, not patched in RT-002): staleFrames=0 reusedPreviousActivationContent=0 canonicalMediaChangedSincePrevious=0
[notice ] SceneManager: PreviousScene accepted: "temporal-fields" -> "blob-region-prototype"
[notice ] SceneManager: NextScene rejected (transition in progress)
[notice ] SceneManager: PreviousScene rejected (transition in progress)
[notice ] SceneManager: NextScene rejected (transition in progress)
[notice ] SceneManager: scene "blob-region-prototype" is now the active owner
[notice ] SceneManager: PreviousScene rejected (transition in progress)
[notice ] TwoSceneAcceptance: PASS — [frame 11546] [cycle14_temporal_to_blob] transition Idle -> FadingOut -> Loading -> FadingIn -> Idle (fadeOut=12 loading=1 fadeIn=12)
[notice ] TwoSceneAcceptance: RESOURCE cycle=14 frame=11606 residentMB=254 netAllocs=7155 fboAllocs=1 fboSwitchReallocs=0 blobFragScratch=952x636 blobBgScratch=0x0 temporalHistory=69/72 playheads=6 adapterReloads=27 temporalHasMedia=1 textureWarnings=0
[notice ] SceneManager: NextScene accepted: "blob-region-prototype" -> "temporal-fields"
[notice ] SceneManager: NextScene rejected (transition in progress)
[notice ] SceneManager: PreviousScene rejected (transition in progress)
[notice ] SceneManager: PreviousScene rejected (transition in progress)
2026-10-05 22:49:35.467 experience_runtime[45789:643888] video file loaded at 960 x 540 @ 29.970030 fps
[notice ] TimeOffsetVideoBuffer: loadExplicit: loaded /Users/joseconchello/openFrameworks/apps/myApps/EcopunkVideoCollage/assets/shared/media/vecteezy_a-flight-over-the-mountain-peaks_2019454.mp4
[notice ] TFComposition: pattern -> BSP seed=947125
[notice ] SceneManager: scene "temporal-fields" is now the active owner
[notice ] SceneManager: NextScene rejected (transition in progress)
[notice ] TwoSceneAcceptance: PASS — [frame 11632] [cycle15_blob_to_temporal] transition Idle -> FadingOut -> Loading -> FadingIn -> Idle (fadeOut=12 loading=1 fadeIn=12)
[notice ] TwoSceneAcceptance: PASS — [frame 11692] [cycle15_blob_to_temporal] §7/§12 no stale playhead texture presented while Temporal history is empty (TEMPORAL DOMAIN — observe only, not patched in RT-002): staleFrames=0 reusedPreviousActivationContent=0 canonicalMediaChangedSincePrevious=0
[notice ] SceneManager: PreviousScene accepted: "temporal-fields" -> "blob-region-prototype"
[notice ] SceneManager: NextScene rejected (transition in progress)
[notice ] SceneManager: PreviousScene rejected (transition in progress)
[notice ] SceneManager: NextScene rejected (transition in progress)
[notice ] SceneManager: scene "blob-region-prototype" is now the active owner
[notice ] SceneManager: PreviousScene rejected (transition in progress)
[notice ] TwoSceneAcceptance: PASS — [frame 11718] [cycle15_temporal_to_blob] transition Idle -> FadingOut -> Loading -> FadingIn -> Idle (fadeOut=12 loading=1 fadeIn=12)
[notice ] TwoSceneAcceptance: RESOURCE cycle=15 frame=11778 residentMB=251 netAllocs=7148 fboAllocs=1 fboSwitchReallocs=0 blobFragScratch=952x636 blobBgScratch=0x0 temporalHistory=69/72 playheads=6 adapterReloads=28 temporalHasMedia=1 textureWarnings=0
[notice ] SceneManager: NextScene accepted: "blob-region-prototype" -> "temporal-fields"
[notice ] SceneManager: NextScene rejected (transition in progress)
[notice ] SceneManager: PreviousScene rejected (transition in progress)
[notice ] SceneManager: PreviousScene rejected (transition in progress)
2026-10-05 22:49:41.267 experience_runtime[45789:636003] video file loaded at 960 x 540 @ 29.970030 fps
[notice ] TimeOffsetVideoBuffer: loadExplicit: loaded /Users/joseconchello/openFrameworks/apps/myApps/EcopunkVideoCollage/assets/shared/media/vecteezy_a-flight-over-the-mountain-peaks_2019454.mp4
[notice ] TFComposition: pattern -> BSP seed=355204
[notice ] SceneManager: scene "temporal-fields" is now the active owner
[notice ] SceneManager: NextScene rejected (transition in progress)
[notice ] TwoSceneAcceptance: PASS — [frame 11804] [cycle16_blob_to_temporal] transition Idle -> FadingOut -> Loading -> FadingIn -> Idle (fadeOut=12 loading=1 fadeIn=12)
[notice ] TwoSceneAcceptance: PASS — [frame 11864] [cycle16_blob_to_temporal] §7/§12 no stale playhead texture presented while Temporal history is empty (TEMPORAL DOMAIN — observe only, not patched in RT-002): staleFrames=0 reusedPreviousActivationContent=0 canonicalMediaChangedSincePrevious=0
[notice ] SceneManager: PreviousScene accepted: "temporal-fields" -> "blob-region-prototype"
[notice ] SceneManager: NextScene rejected (transition in progress)
[notice ] SceneManager: PreviousScene rejected (transition in progress)
[notice ] SceneManager: NextScene rejected (transition in progress)
[notice ] SceneManager: scene "blob-region-prototype" is now the active owner
[notice ] SceneManager: PreviousScene rejected (transition in progress)
[notice ] TwoSceneAcceptance: PASS — [frame 11890] [cycle16_temporal_to_blob] transition Idle -> FadingOut -> Loading -> FadingIn -> Idle (fadeOut=12 loading=1 fadeIn=12)
[notice ] TwoSceneAcceptance: RESOURCE cycle=16 frame=11950 residentMB=254 netAllocs=7158 fboAllocs=1 fboSwitchReallocs=0 blobFragScratch=952x636 blobBgScratch=0x0 temporalHistory=69/72 playheads=6 adapterReloads=29 temporalHasMedia=1 textureWarnings=0
[notice ] SceneManager: NextScene accepted: "blob-region-prototype" -> "temporal-fields"
[notice ] SceneManager: NextScene rejected (transition in progress)
[notice ] SceneManager: PreviousScene rejected (transition in progress)
[notice ] SceneManager: PreviousScene rejected (transition in progress)
2026-10-05 22:49:47.065 experience_runtime[45789:635898] video file loaded at 960 x 540 @ 29.970030 fps
[notice ] TimeOffsetVideoBuffer: loadExplicit: loaded /Users/joseconchello/openFrameworks/apps/myApps/EcopunkVideoCollage/assets/shared/media/vecteezy_a-flight-over-the-mountain-peaks_2019454.mp4
[notice ] TFComposition: pattern -> BSP seed=84228
[notice ] SceneManager: scene "temporal-fields" is now the active owner
[notice ] SceneManager: NextScene rejected (transition in progress)
[notice ] TwoSceneAcceptance: PASS — [frame 11976] [cycle17_blob_to_temporal] transition Idle -> FadingOut -> Loading -> FadingIn -> Idle (fadeOut=12 loading=1 fadeIn=12)
[notice ] TwoSceneAcceptance: PASS — [frame 12036] [cycle17_blob_to_temporal] §7/§12 no stale playhead texture presented while Temporal history is empty (TEMPORAL DOMAIN — observe only, not patched in RT-002): staleFrames=0 reusedPreviousActivationContent=0 canonicalMediaChangedSincePrevious=0
[notice ] SceneManager: PreviousScene accepted: "temporal-fields" -> "blob-region-prototype"
[notice ] SceneManager: NextScene rejected (transition in progress)
[notice ] SceneManager: PreviousScene rejected (transition in progress)
[notice ] SceneManager: NextScene rejected (transition in progress)
[notice ] SceneManager: scene "blob-region-prototype" is now the active owner
[notice ] SceneManager: PreviousScene rejected (transition in progress)
[notice ] TwoSceneAcceptance: PASS — [frame 12062] [cycle17_temporal_to_blob] transition Idle -> FadingOut -> Loading -> FadingIn -> Idle (fadeOut=12 loading=1 fadeIn=12)
[notice ] TwoSceneAcceptance: RESOURCE cycle=17 frame=12122 residentMB=255 netAllocs=7166 fboAllocs=1 fboSwitchReallocs=0 blobFragScratch=952x636 blobBgScratch=0x0 temporalHistory=69/72 playheads=6 adapterReloads=30 temporalHasMedia=1 textureWarnings=0
[notice ] SceneManager: NextScene accepted: "blob-region-prototype" -> "temporal-fields"
[notice ] SceneManager: NextScene rejected (transition in progress)
[notice ] SceneManager: PreviousScene rejected (transition in progress)
[notice ] SceneManager: PreviousScene rejected (transition in progress)
2026-10-05 22:49:52.865 experience_runtime[45789:638806] video file loaded at 960 x 540 @ 29.970030 fps
[notice ] TimeOffsetVideoBuffer: loadExplicit: loaded /Users/joseconchello/openFrameworks/apps/myApps/EcopunkVideoCollage/assets/shared/media/vecteezy_a-flight-over-the-mountain-peaks_2019454.mp4
[notice ] TFComposition: pattern -> BSP seed=918414
[notice ] SceneManager: scene "temporal-fields" is now the active owner
[notice ] SceneManager: NextScene rejected (transition in progress)
[notice ] TwoSceneAcceptance: PASS — [frame 12148] [cycle18_blob_to_temporal] transition Idle -> FadingOut -> Loading -> FadingIn -> Idle (fadeOut=12 loading=1 fadeIn=12)
2026-10-05 22:49:54.498 experience_runtime[45789:642378] video file loaded at 960 x 540 @ 24.000000 fps
[notice ] TwoSceneAcceptance: MEDIA canonical selection changed at frame 12185 (active=temporal-fields): media.auto.40fd74a2 -> media.auto.0c211943
2026-10-05 22:49:54.530 experience_runtime[45789:644319] video file loaded at 960 x 540 @ 24.000000 fps
[notice ] TimeOffsetVideoBuffer: loadExplicit: loaded /Users/joseconchello/openFrameworks/apps/myApps/EcopunkVideoCollage/assets/shared/media/vecteezy_turbulent-stormy-ocean-waves-detail-slow-motion_68288030.mp4
[notice ] TwoSceneAcceptance: PASS — [frame 12208] [cycle18_blob_to_temporal] §7/§12 no stale playhead texture presented while Temporal history is empty (TEMPORAL DOMAIN — observe only, not patched in RT-002): staleFrames=0 reusedPreviousActivationContent=0 canonicalMediaChangedSincePrevious=0
[notice ] SceneManager: PreviousScene accepted: "temporal-fields" -> "blob-region-prototype"
[notice ] SceneManager: NextScene rejected (transition in progress)
[notice ] SceneManager: PreviousScene rejected (transition in progress)
[notice ] SceneManager: NextScene rejected (transition in progress)
[notice ] SceneManager: scene "blob-region-prototype" is now the active owner
[notice ] SceneManager: PreviousScene rejected (transition in progress)
[notice ] TwoSceneAcceptance: PASS — [frame 12234] [cycle18_temporal_to_blob] transition Idle -> FadingOut -> Loading -> FadingIn -> Idle (fadeOut=12 loading=1 fadeIn=12)
[notice ] TwoSceneAcceptance: RESOURCE cycle=18 frame=12294 residentMB=221 netAllocs=7128 fboAllocs=1 fboSwitchReallocs=0 blobFragScratch=952x636 blobBgScratch=0x0 temporalHistory=19/72 playheads=6 adapterReloads=32 temporalHasMedia=1 textureWarnings=0
[notice ] SceneManager: NextScene accepted: "blob-region-prototype" -> "temporal-fields"
[notice ] SceneManager: NextScene rejected (transition in progress)
[notice ] SceneManager: PreviousScene rejected (transition in progress)
[notice ] SceneManager: PreviousScene rejected (transition in progress)
2026-10-05 22:49:58.662 experience_runtime[45789:636018] video file loaded at 960 x 540 @ 24.000000 fps
[notice ] TimeOffsetVideoBuffer: loadExplicit: loaded /Users/joseconchello/openFrameworks/apps/myApps/EcopunkVideoCollage/assets/shared/media/vecteezy_turbulent-stormy-ocean-waves-detail-slow-motion_68288030.mp4
[notice ] TFComposition: pattern -> BSP seed=287466
[notice ] SceneManager: scene "temporal-fields" is now the active owner
[notice ] SceneManager: NextScene rejected (transition in progress)
[notice ] TwoSceneAcceptance: PASS — [frame 12320] [cycle19_blob_to_temporal] transition Idle -> FadingOut -> Loading -> FadingIn -> Idle (fadeOut=12 loading=1 fadeIn=12)
[notice ] TwoSceneAcceptance: PASS — [frame 12380] [cycle19_blob_to_temporal] §7/§12 no stale playhead texture presented while Temporal history is empty (TEMPORAL DOMAIN — observe only, not patched in RT-002): staleFrames=0 reusedPreviousActivationContent=0 canonicalMediaChangedSincePrevious=0
[notice ] SceneManager: PreviousScene accepted: "temporal-fields" -> "blob-region-prototype"
[notice ] SceneManager: NextScene rejected (transition in progress)
[notice ] SceneManager: PreviousScene rejected (transition in progress)
[notice ] SceneManager: NextScene rejected (transition in progress)
[notice ] SceneManager: scene "blob-region-prototype" is now the active owner
[notice ] SceneManager: PreviousScene rejected (transition in progress)
[notice ] TwoSceneAcceptance: PASS — [frame 12406] [cycle19_temporal_to_blob] transition Idle -> FadingOut -> Loading -> FadingIn -> Idle (fadeOut=12 loading=1 fadeIn=12)
[notice ] TwoSceneAcceptance: RESOURCE cycle=19 frame=12466 residentMB=256 netAllocs=7198 fboAllocs=1 fboSwitchReallocs=0 blobFragScratch=952x636 blobBgScratch=0x0 temporalHistory=69/72 playheads=6 adapterReloads=33 temporalHasMedia=1 textureWarnings=0
[notice ] SceneManager: NextScene accepted: "blob-region-prototype" -> "temporal-fields"
[notice ] SceneManager: NextScene rejected (transition in progress)
[notice ] SceneManager: PreviousScene rejected (transition in progress)
[notice ] SceneManager: PreviousScene rejected (transition in progress)
2026-10-05 22:50:04.463 experience_runtime[45789:643888] video file loaded at 960 x 540 @ 24.000000 fps
[notice ] TimeOffsetVideoBuffer: loadExplicit: loaded /Users/joseconchello/openFrameworks/apps/myApps/EcopunkVideoCollage/assets/shared/media/vecteezy_turbulent-stormy-ocean-waves-detail-slow-motion_68288030.mp4
[notice ] TFComposition: pattern -> BSP seed=314624
[notice ] SceneManager: scene "temporal-fields" is now the active owner
[notice ] SceneManager: NextScene rejected (transition in progress)
[notice ] TwoSceneAcceptance: PASS — [frame 12492] [cycle20_blob_to_temporal] transition Idle -> FadingOut -> Loading -> FadingIn -> Idle (fadeOut=12 loading=1 fadeIn=12)
[notice ] TwoSceneAcceptance: PASS — [frame 12552] [cycle20_blob_to_temporal] §7/§12 no stale playhead texture presented while Temporal history is empty (TEMPORAL DOMAIN — observe only, not patched in RT-002): staleFrames=0 reusedPreviousActivationContent=0 canonicalMediaChangedSincePrevious=0
[notice ] SceneManager: PreviousScene accepted: "temporal-fields" -> "blob-region-prototype"
[notice ] SceneManager: NextScene rejected (transition in progress)
[notice ] SceneManager: PreviousScene rejected (transition in progress)
[notice ] SceneManager: NextScene rejected (transition in progress)
[notice ] SceneManager: scene "blob-region-prototype" is now the active owner
[notice ] SceneManager: PreviousScene rejected (transition in progress)
[notice ] TwoSceneAcceptance: PASS — [frame 12578] [cycle20_temporal_to_blob] transition Idle -> FadingOut -> Loading -> FadingIn -> Idle (fadeOut=12 loading=1 fadeIn=12)
[notice ] TwoSceneAcceptance: RESOURCE cycle=20 frame=12638 residentMB=257 netAllocs=7234 fboAllocs=1 fboSwitchReallocs=0 blobFragScratch=952x636 blobBgScratch=0x0 temporalHistory=69/72 playheads=6 adapterReloads=34 temporalHasMedia=1 textureWarnings=0
[notice ] TwoSceneAcceptance: PASS — [frame 12648] §15 final validation: Blob active + Idle, status Ready, live render, effects missing, canonical video valid, HUD profile Blob, GL/FBO baseline: video health=2
[notice ] TwoSceneAcceptance: captured captures/rt002_final_blob.png (1280x720 window)
[notice ] TwoSceneAcceptance: PASS — [frame 12648] §2 totals: setup once per scene (Blob=1, Temporal=1)
[notice ] TwoSceneAcceptance: FAIL — [frame 12648] §2/§4 totals: Blob activations=21, Temporal activations=20; capabilityQueries == successfulActivations: blob 22/22 temporal 21/21
[notice ] TwoSceneAcceptance: COUNTERS pre-shutdown blob setup=1 activate=22 success=22 deactivate=21 capQ=22 statusPulls=1610 update=1610 draw=1610 effectPulls=0
[notice ] TwoSceneAcceptance: COUNTERS pre-shutdown temporal setup=1 activate=21 success=21 deactivate=21 capQ=21 statusPulls=10492 update=10492 draw=10492 effectPulls=10492
[notice ] TwoSceneAcceptance: PASS — [frame 12648] §15 shutdown: active Blob deactivated; every activation matched by a deactivation: blob 22/22 temporal 21/21
[notice ] TwoSceneAcceptance: PASS — [frame 12648] §15 shutdown: both set-up scenes shut down exactly once
[notice ] TwoSceneAcceptance: PASS — [frame 12648] §15 post-shutdown: scene commands and scene switches rejected
[notice ] TwoSceneAcceptance: PASS — [frame 12648] §15 post-shutdown: no scene work runs (beginFrame reports no live scene)
[notice ] TwoSceneAcceptance: SHUTDOWN observation: temporal history after shutdown=69 temporal buffer hasMedia=1 sceneFbo still allocated=1 (released by destructors at process teardown) textureWarningsDuringExit=0
[notice ] TwoSceneAcceptance: TABLE activations: cycle | scene | activeFrames | warningFrames | warnings | firstWarn | lastWarn | firstValid | historyAtWarnings | rawVideoAllocatedAtWarnings | staleOutgoing | backgroundOnly | hud | gl || stalePlayheadFrames | playheadReusedFromPrevious | canonicalMediaChangedSincePrevious | mediaAtStart
[notice ] TwoSceneAcceptance: ACT | -1 | blob-region-prototype | 60 | 0 | 0 | -1 | -1 | -1 |  |  | 0 | 0 | 1 | 1 || 0 | 0 | 0 | 
[notice ] TwoSceneAcceptance: ACT | 1 | temporal-fields | 73 | 0 | 0 | -1 | -1 | 8 |  |  | 0 | 1 | 1 | 1 || 0 | 0 | 0 | media.auto.9a8649a1
[notice ] TwoSceneAcceptance: ACT | 1 | blob-region-prototype | 73 | 0 | 0 | -1 | -1 | -1 |  |  | 0 | 0 | 1 | 1 || 0 | 0 | 0 | 
[notice ] TwoSceneAcceptance: ACT | 2 | temporal-fields | 73 | 0 | 0 | -1 | -1 | 8 |  |  | 0 | 1 | 1 | 1 || 0 | 0 | 0 | media.auto.47d1cd1b
[notice ] TwoSceneAcceptance: ACT | 2 | blob-region-prototype | 73 | 0 | 0 | -1 | -1 | -1 |  |  | 0 | 0 | 1 | 1 || 0 | 0 | 0 | 
[notice ] TwoSceneAcceptance: ACT | 3 | temporal-fields | 73 | 0 | 0 | -1 | -1 | 8 |  |  | 0 | 1 | 1 | 1 || 0 | 0 | 1 | media.auto.4a618eef
[notice ] TwoSceneAcceptance: ACT | 3 | blob-region-prototype | 73 | 0 | 0 | -1 | -1 | -1 |  |  | 0 | 0 | 1 | 1 || 0 | 0 | 0 | 
[notice ] TwoSceneAcceptance: ACT | 4 | temporal-fields | 73 | 0 | 0 | -1 | -1 | 4 |  |  | 0 | 1 | 1 | 1 || 0 | 0 | 0 | media.auto.4a618eef
[notice ] TwoSceneAcceptance: ACT | 4 | blob-region-prototype | 73 | 0 | 0 | -1 | -1 | -1 |  |  | 0 | 0 | 1 | 1 || 0 | 0 | 0 | 
[notice ] TwoSceneAcceptance: ACT | 5 | temporal-fields | 73 | 0 | 0 | -1 | -1 | 4 |  |  | 0 | 1 | 1 | 1 || 0 | 0 | 0 | media.auto.4a618eef
[notice ] TwoSceneAcceptance: ACT | 5 | blob-region-prototype | 73 | 0 | 0 | -1 | -1 | -1 |  |  | 0 | 0 | 1 | 1 || 0 | 0 | 0 | 
[notice ] TwoSceneAcceptance: ACT | 6 | temporal-fields | 73 | 0 | 0 | -1 | -1 | 4 |  |  | 0 | 1 | 1 | 1 || 0 | 0 | 0 | media.auto.4a618eef
[notice ] TwoSceneAcceptance: ACT | 6 | blob-region-prototype | 73 | 0 | 0 | -1 | -1 | -1 |  |  | 0 | 0 | 1 | 1 || 0 | 0 | 0 | 
[notice ] TwoSceneAcceptance: ACT | 7 | temporal-fields | 73 | 0 | 0 | -1 | -1 | 4 |  |  | 0 | 1 | 1 | 1 || 0 | 0 | 0 | media.auto.4a618eef
[notice ] TwoSceneAcceptance: ACT | 7 | blob-region-prototype | 73 | 0 | 0 | -1 | -1 | -1 |  |  | 0 | 0 | 1 | 1 || 0 | 0 | 0 | 
[notice ] TwoSceneAcceptance: ACT | 8 | temporal-fields | 73 | 0 | 0 | -1 | -1 | 4 |  |  | 0 | 1 | 1 | 1 || 0 | 0 | 0 | media.auto.4a618eef
[notice ] TwoSceneAcceptance: ACT | 8 | blob-region-prototype | 73 | 0 | 0 | -1 | -1 | -1 |  |  | 0 | 0 | 1 | 1 || 0 | 0 | 0 | 
[notice ] TwoSceneAcceptance: ACT | 9 | temporal-fields | 73 | 0 | 0 | -1 | -1 | 5 |  |  | 0 | 1 | 1 | 1 || 0 | 0 | 1 | media.auto.715cfe74
[notice ] TwoSceneAcceptance: ACT | 9 | blob-region-prototype | 73 | 0 | 0 | -1 | -1 | -1 |  |  | 0 | 0 | 1 | 1 || 0 | 0 | 0 | 
[notice ] TwoSceneAcceptance: ACT | 10 | temporal-fields | 9105 | 0 | 0 | -1 | -1 | 4 |  |  | 0 | 1 | 1 | 1 || 0 | 0 | 0 | media.auto.715cfe74
[notice ] TwoSceneAcceptance: ACT | 10 | blob-region-prototype | 73 | 0 | 0 | -1 | -1 | -1 |  |  | 0 | 0 | 1 | 1 || 0 | 0 | 0 | 
[notice ] TwoSceneAcceptance: ACT | 11 | temporal-fields | 73 | 0 | 0 | -1 | -1 | 4 |  |  | 0 | 1 | 1 | 1 || 0 | 0 | 0 | media.auto.1f0329b7
[notice ] TwoSceneAcceptance: ACT | 11 | blob-region-prototype | 73 | 0 | 0 | -1 | -1 | -1 |  |  | 0 | 0 | 1 | 1 || 0 | 0 | 0 | 
[notice ] TwoSceneAcceptance: ACT | 12 | temporal-fields | 73 | 0 | 0 | -1 | -1 | 4 |  |  | 0 | 1 | 1 | 1 || 0 | 0 | 0 | media.auto.1f0329b7
[notice ] TwoSceneAcceptance: ACT | 12 | blob-region-prototype | 73 | 0 | 0 | -1 | -1 | -1 |  |  | 0 | 0 | 1 | 1 || 0 | 0 | 0 | 
[notice ] TwoSceneAcceptance: ACT | 13 | temporal-fields | 73 | 0 | 0 | -1 | -1 | 4 |  |  | 0 | 1 | 1 | 1 || 0 | 0 | 0 | media.auto.1f0329b7
[notice ] TwoSceneAcceptance: ACT | 13 | blob-region-prototype | 73 | 0 | 0 | -1 | -1 | -1 |  |  | 0 | 0 | 1 | 1 || 0 | 0 | 0 | 
[notice ] TwoSceneAcceptance: ACT | 14 | temporal-fields | 73 | 0 | 0 | -1 | -1 | 4 |  |  | 0 | 1 | 1 | 1 || 0 | 0 | 0 | media.auto.40fd74a2
[notice ] TwoSceneAcceptance: ACT | 14 | blob-region-prototype | 73 | 0 | 0 | -1 | -1 | -1 |  |  | 0 | 0 | 1 | 1 || 0 | 0 | 0 | 
[notice ] TwoSceneAcceptance: ACT | 15 | temporal-fields | 73 | 0 | 0 | -1 | -1 | 4 |  |  | 0 | 1 | 1 | 1 || 0 | 0 | 0 | media.auto.40fd74a2
[notice ] TwoSceneAcceptance: ACT | 15 | blob-region-prototype | 73 | 0 | 0 | -1 | -1 | -1 |  |  | 0 | 0 | 1 | 1 || 0 | 0 | 0 | 
[notice ] TwoSceneAcceptance: ACT | 16 | temporal-fields | 73 | 0 | 0 | -1 | -1 | 4 |  |  | 0 | 1 | 1 | 1 || 0 | 0 | 0 | media.auto.40fd74a2
[notice ] TwoSceneAcceptance: ACT | 16 | blob-region-prototype | 73 | 0 | 0 | -1 | -1 | -1 |  |  | 0 | 0 | 1 | 1 || 0 | 0 | 0 | 
[notice ] TwoSceneAcceptance: ACT | 17 | temporal-fields | 73 | 0 | 0 | -1 | -1 | 4 |  |  | 0 | 1 | 1 | 1 || 0 | 0 | 0 | media.auto.40fd74a2
[notice ] TwoSceneAcceptance: ACT | 17 | blob-region-prototype | 73 | 0 | 0 | -1 | -1 | -1 |  |  | 0 | 0 | 1 | 1 || 0 | 0 | 0 | 
[notice ] TwoSceneAcceptance: ACT | 18 | temporal-fields | 73 | 0 | 0 | -1 | -1 | 4 |  |  | 0 | 1 | 1 | 1 || 0 | 0 | 0 | media.auto.40fd74a2
[notice ] TwoSceneAcceptance: ACT | 18 | blob-region-prototype | 73 | 0 | 0 | -1 | -1 | -1 |  |  | 0 | 0 | 1 | 1 || 0 | 0 | 0 | 
[notice ] TwoSceneAcceptance: ACT | 19 | temporal-fields | 73 | 0 | 0 | -1 | -1 | 4 |  |  | 0 | 1 | 1 | 1 || 0 | 0 | 0 | media.auto.0c211943
[notice ] TwoSceneAcceptance: ACT | 19 | blob-region-prototype | 73 | 0 | 0 | -1 | -1 | -1 |  |  | 0 | 0 | 1 | 1 || 0 | 0 | 0 | 
[notice ] TwoSceneAcceptance: ACT | 20 | temporal-fields | 73 | 0 | 0 | -1 | -1 | 4 |  |  | 0 | 1 | 1 | 1 || 0 | 0 | 0 | media.auto.0c211943
[notice ] TwoSceneAcceptance: ACT | 20 | blob-region-prototype | 73 | 0 | 0 | -1 | -1 | -1 |  |  | 0 | 0 | 1 | 1 || 0 | 0 | 0 | 
[notice ] TwoSceneAcceptance: MEDIACHANGE frame=117 active=temporal-fields media.auto.9a8649a1 -> media.auto.47d1cd1b (intentional)
[notice ] TwoSceneAcceptance: MEDIACHANGE frame=375 active=blob-region-prototype media.auto.47d1cd1b -> media.auto.4a618eef (intentional)
[notice ] TwoSceneAcceptance: MEDIACHANGE frame=1371 active=blob-region-prototype media.auto.4a618eef -> media.auto.715cfe74
[notice ] TwoSceneAcceptance: MEDIACHANGE frame=2272 active=temporal-fields media.auto.715cfe74 -> media.auto.e20beffd
[notice ] TwoSceneAcceptance: MEDIACHANGE frame=3173 active=temporal-fields media.auto.e20beffd -> media.auto.1a8db9c7
[notice ] TwoSceneAcceptance: MEDIACHANGE frame=4074 active=temporal-fields media.auto.1a8db9c7 -> media.auto.96a08d04
[notice ] TwoSceneAcceptance: MEDIACHANGE frame=4975 active=temporal-fields media.auto.96a08d04 -> media.auto.e8a7768a
[notice ] TwoSceneAcceptance: MEDIACHANGE frame=5876 active=temporal-fields media.auto.e8a7768a -> media.auto.479b063e
[notice ] TwoSceneAcceptance: MEDIACHANGE frame=6777 active=temporal-fields media.auto.479b063e -> media.auto.cba6721d
[notice ] TwoSceneAcceptance: MEDIACHANGE frame=7678 active=temporal-fields media.auto.cba6721d -> media.auto.5c185454
[notice ] TwoSceneAcceptance: MEDIACHANGE frame=8579 active=temporal-fields media.auto.5c185454 -> media.auto.dfe053fb
[notice ] TwoSceneAcceptance: MEDIACHANGE frame=9480 active=temporal-fields media.auto.dfe053fb -> media.auto.65b7fdf1
[notice ] TwoSceneAcceptance: MEDIACHANGE frame=10381 active=temporal-fields media.auto.65b7fdf1 -> media.auto.1f0329b7
[notice ] TwoSceneAcceptance: MEDIACHANGE frame=11284 active=temporal-fields media.auto.1f0329b7 -> media.auto.40fd74a2
[notice ] TwoSceneAcceptance: MEDIACHANGE frame=12185 active=temporal-fields media.auto.40fd74a2 -> media.auto.0c211943
[notice ] TwoSceneAcceptance: EFFECTS temporal presentEmptyFrames=5426 (first@74) presentActiveFrames=5066 (first@3689) effectIds={bioluminescence channelshift edge_glow water_refraction } blobFramesWithEffects=0
[notice ] TwoSceneAcceptance: TOTALS frames=12648 live=12102 static=546 statusPulls=12102 hudFrameData=12648 hudDraws=12648 bridgeDraws=12648 glFailureFrames=0 minActiveFramesPerActivation=73 maxAdapterMismatchStreak=1 textureWarnings=0 otherWarnings=0
[notice ] TwoSceneAcceptance: ==================================================
[notice ] TwoSceneAcceptance: RT-002 TWO-SCENE ACCEPTANCE SUMMARY
[notice ] TwoSceneAcceptance: complete cycles: 20/20
[notice ] TwoSceneAcceptance: total checks: 165111
[notice ] TwoSceneAcceptance: failures: 52
[notice ] TwoSceneAcceptance: RESULT: FAIL
[notice ] TwoSceneAcceptance: ==================================================
exit=0
